{
  "scope": "Linux Xvfb actual Vulkan application/video; software GPU is not target hardware",
  "command": [
    "/workspace/Nexora-vis-courtyard-fill/build/linux-showcase-shipping/package/NexoraShowcase-Shipping/bin/NexoraShowcase",
    "--tour=visual",
    "--backend=vulkan",
    "--clean-view",
    "--vsync=off",
    "--no-reload",
    "--gameplay-module=static",
    "--report=/tmp/foreground-rubble-shipping-tour/tour.json",
    "--quality=standard"
  ],
  "build": {
    "engine_version": "0.1.0",
    "build_id": "d484e7e2d75c",
    "abi_version": 1,
    "configuration": "Shipping",
    "link_mode": "Monolithic"
  },
  "wall_seconds": 100.99492097398615,
  "video": {
    "programs": [],
    "stream_groups": [],
    "streams": [
      {
        "codec_name": "h264",
        "width": 1280,
        "height": 720
      }
    ],
    "format": {
      "duration": "100.866667"
    }
  },
  "software_rasterizer": true,
  "physical_display_verified": false,
  "executable_sha256": "d8bd9ca933999515b770afefa14a6a59788617b0037bff464a13c1e11ab59e09",
  "video_sha256": "dc1c08cee76ec6611bee00a4385e0fbb9e27de3f313e71e077e7c0a8bc2a373b",
  "tour_seconds": 100,
  "overlay_frames": 0
}
