{
  "scope": "Linux Xvfb actual Vulkan application/video; software GPU is not target hardware",
  "command": [
    "/workspace/Nexora-vis-courtyard-fill/build/linux-showcase-shipping/package/NexoraShowcase-Shipping/bin/NexoraShowcase",
    "--tour=visual",
    "--backend=vulkan",
    "--clean-view",
    "--vsync=off",
    "--no-reload",
    "--gameplay-module=static",
    "--report=/tmp/foliage-shipping-tour/tour.json",
    "--quality=standard"
  ],
  "build": {
    "engine_version": "0.1.0",
    "build_id": "b6814267f3bb",
    "abi_version": 1,
    "configuration": "Shipping",
    "link_mode": "Monolithic"
  },
  "wall_seconds": 100.82169129198883,
  "video": {
    "programs": [],
    "stream_groups": [],
    "streams": [
      {
        "codec_name": "h264",
        "width": 1280,
        "height": 720
      }
    ],
    "format": {
      "duration": "100.333333"
    }
  },
  "software_rasterizer": true,
  "physical_display_verified": false,
  "executable_sha256": "07243e20fe70de7a7c794eddf04fce50af5eb136c171d04159f341a7a530efa8",
  "video_sha256": "8730e26e9bdddee6a6de9c6b42e5169002624c8b50494097b7188dcc4605fe70",
  "tour_seconds": 100,
  "overlay_frames": 0
}
