[0/1] Re-running CMake...
-- Configuring done (0.8s)
-- Generating done (0.1s)
-- Build files have been written to: /workspace/Nexora-vis-living-art/build/linux-development
[1/80] Building CXX object Engine/Foundation/CMakeFiles/NexoraFoundation.dir/src/BuildInfo.cpp.o
[2/80] Linking CXX shared library Engine/Foundation/libNexoraFoundation.so
[3/80] Linking CXX shared module Plugins/Example/libNexoraExamplePlugin.so
[4/80] Linking CXX executable Tests/Foundation/NexoraGameplayAbiTests
[5/80] Linking CXX shared module Tests/Runtime/libNexoraDynamicGameplayFirst.so
[6/80] Linking CXX shared module Tests/Runtime/libNexoraDynamicGameplaySecond.so
[7/80] Linking CXX shared module Tests/Runtime/libNexoraDynamicGameplayFailing.so
[8/80] Linking CXX executable Tests/API/NexoraApiFoundationTests
[9/80] Linking CXX executable Tests/Foundation/NexoraFoundationTests
[10/80] Linking CXX shared library Engine/Core/libNexoraCore.so
[11/80] Linking CXX shared library Engine/Window/libNexoraWindow.so
[12/80] Linking CXX shared library Engine/RHI/libNexoraRHI.so
[13/80] Linking CXX shared library Engine/AI/libNexoraAI.so
[14/80] Linking CXX executable Samples/Api/NexoraApiFoundationSample
[15/80] Linking CXX executable Tests/Core/NexoraCoreTests
[16/80] Linking CXX shared library Engine/Network/libNexoraNetwork.so
[17/80] Linking CXX executable Tests/Core/NexoraV2M11Tests
[18/80] Linking CXX shared library Engine/Renderer/libNexoraRenderer.so
[19/80] Linking CXX executable Tests/AI/NexoraV2M7Tests
[20/80] Linking CXX executable Tests/Network/NexoraNetworkTests
[21/80] Linking CXX shared library Engine/Presentation/libNexoraPresentation.so
[22/80] Linking CXX executable Apps/DedicatedServer/NexoraDedicatedServer
[23/80] Linking CXX executable Tests/WindowPresentation/NexoraVulkanSceneUploadTests
[24/80] Linking CXX executable Tests/WindowPresentation/NexoraVulkanSceneTests
[25/80] Linking CXX executable Tests/API/NexoraApiCoreContractTests
[26/80] Linking CXX executable Tests/WindowPresentation/NexoraSceneInstanceTests
[27/80] Linking CXX executable Tests/Renderer/NexoraRendererTests
[28/80] Linking CXX executable Tests/WindowPresentation/NexoraWindowPresentationTests
[29/80] Linking CXX executable Tests/Renderer/NexoraGoldenImageTests
[30/80] Linking CXX executable Tests/Renderer/NexoraSceneFrameTests
[31/80] Linking CXX executable Tests/Renderer/NexoraMaterialTests
[32/80] Linking CXX executable Tests/Renderer/NexoraGPUSceneTests
[33/80] Linking CXX executable Tests/Renderer/NexoraGPUDrivenTests
[34/80] Linking CXX executable Tests/Renderer/NexoraShaderReflectionContractTests
[35/80] Linking CXX shared library Engine/Runtime/libNexoraRuntime.so
[36/80] Linking CXX executable Tests/Renderer/NexoraVulkanGoldenTests
[37/80] Linking CXX shared library Engine/AIIntegration/libNexoraAIIntegration.so
[38/80] Linking CXX executable Apps/Host/NexoraHost
[39/80] Linking CXX executable Tests/Runtime/NexoraShaderRuntimeTests
[40/80] Linking CXX executable Gameplay/Zig/NexoraZigGameplayTests
[41/80] Linking CXX executable Tests/Runtime/NexoraGameWorldTests
[42/80] Linking CXX executable Apps/Showcase/NexoraShowcaseRoomTests
[43/80] Linking CXX executable Tests/Runtime/NexoraRuntimeTests
[44/80] Linking CXX executable Tests/Runtime/NexoraTransformTests
[45/80] Linking CXX executable Tests/Runtime/NexoraParentingTests
[46/80] Linking CXX executable Tests/Runtime/NexoraRenderSyncTests
[47/80] Linking CXX executable Tests/Runtime/NexoraV1M12Tests
[48/80] Linking CXX executable Tests/Runtime/NexoraGameplayHostBridgeTests
[49/80] Linking CXX executable Apps/Showcase/NexoraShowcase
[50/80] Linking CXX executable Tests/Runtime/NexoraV1M7Tests
[51/80] Linking CXX executable Tests/Runtime/NexoraV2M12Tests
[52/80] Linking CXX executable Tests/Runtime/NexoraAIIntentAdapterTests
[53/80] Linking CXX executable Tests/Runtime/NexoraV1M8Tests
[54/80] Linking CXX executable Tests/Runtime/NexoraV1M10Tests
[55/80] Linking CXX executable Tests/Runtime/NexoraV1M11Tests
[56/80] Linking CXX shared library Engine/Editor/libNexoraEditorCore.so
[57/80] Linking CXX executable Tests/Runtime/NexoraV1M9Tests
[58/80] Linking CXX executable Tests/Runtime/NexoraV1M4Tests
[59/80] Linking CXX executable Tests/Runtime/NexoraGameplayModuleHostTests
[60/80] Linking CXX executable Tests/Runtime/NexoraDynamicGameplayModuleTests
[61/80] Linking CXX executable Apps/Editor/NexoraEditor
[62/80] Linking CXX executable Tests/Runtime/NexoraV1M5Tests
[63/80] Linking CXX executable Tests/Runtime/NexoraBundleMountTests
[64/80] Linking CXX executable Tests/Runtime/NexoraV2M9Tests
[65/80] Linking CXX executable Tests/Runtime/NexoraV1M6Tests
[66/80] Linking CXX executable Tests/Editor/NexoraEditorViewportMathTests
[67/80] Linking CXX executable Tests/Editor/NexoraEditorShaderTests
[68/80] Linking CXX executable Tests/Editor/NexoraMeshImportTests
[69/80] Linking CXX executable Tests/Editor/NexoraMeshReimportTests
[70/80] Linking CXX executable Tests/Editor/NexoraEditorTests
[71/80] Linking CXX executable Tests/Editor/NexoraParserRobustnessTests
[72/80] Linking CXX executable Tests/Editor/NexoraMeshAssetCatalogTests
[73/80] Linking CXX executable Tests/Editor/NexoraEditorAffineGizmoTests
[74/80] Linking CXX executable Tests/Editor/NexoraEditorComponentResetTests
[75/80] Linking CXX executable Tests/Editor/NexoraBuiltinCreationTests
[76/80] Linking CXX executable Tests/Editor/NexoraTransformValueTests
[77/80] Linking CXX executable Tests/Editor/NexoraSceneFileTests
[78/80] Building CXX object Tests/WindowPresentation/CMakeFiles/NexoraVulkanPbrTests.dir/VulkanPbrTests.cpp.o
[79/80] Linking CXX executable Tests/WindowPresentation/NexoraVulkanPbrTests
