[1/69] Linking CXX executable Samples/Api/NexoraApiFoundationSample
[2/69] Linking CXX executable Apps/Host/NexoraHost
[3/69] Linking CXX shared library Engine/Network/libNexoraNetwork.so
[4/69] Linking CXX shared library Engine/AI/libNexoraAI.so
[5/69] Linking CXX executable Gameplay/Zig/NexoraZigGameplayTests
[6/69] Linking CXX shared library Engine/AIIntegration/libNexoraAIIntegration.so
[7/69] Linking CXX executable Tests/Foundation/NexoraGameplayAbiTests
[8/69] Linking CXX executable Tests/Core/NexoraV2M11Tests
[9/69] Linking CXX executable Tests/Core/NexoraCoreTests
[10/69] Linking CXX executable Tests/AI/NexoraV2M7Tests
[11/69] Linking CXX executable Apps/DedicatedServer/NexoraDedicatedServer
[12/69] Linking CXX shared library Engine/Editor/libNexoraEditorCore.so
[13/69] Linking CXX executable Tests/Network/NexoraNetworkTests
[14/69] Linking CXX executable Tests/Foundation/NexoraFoundationTests
[15/69] Linking CXX executable Tests/WindowPresentation/NexoraWindowPresentationTests
[16/69] Linking CXX executable Apps/Editor/NexoraEditor
[17/69] Linking CXX executable Tests/WindowPresentation/NexoraVulkanSceneTests
[18/69] Linking CXX executable Tests/WindowPresentation/NexoraSceneInstanceTests
[19/69] Linking CXX executable Tests/WindowPresentation/NexoraVulkanPbrTests
[20/69] Linking CXX executable Tests/WindowPresentation/NexoraVulkanSceneUploadTests
[21/69] Linking CXX executable Tests/API/NexoraApiCoreContractTests
[22/69] Linking CXX executable Tests/Renderer/NexoraRendererTests
[23/69] Linking CXX executable Tests/Renderer/NexoraMaterialTests
[24/69] Linking CXX executable Tests/API/NexoraApiFoundationTests
[25/69] Linking CXX executable Tests/Renderer/NexoraSceneFrameTests
[26/69] Linking CXX executable Tests/Renderer/NexoraGoldenImageTests
[27/69] Linking CXX executable Tests/Renderer/NexoraGPUSceneTests
[28/69] Linking CXX executable Tests/Renderer/NexoraGPUDrivenTests
[29/69] Linking CXX executable Tests/Renderer/NexoraShaderReflectionContractTests
[30/69] Linking CXX executable Tests/Runtime/NexoraShaderRuntimeTests
[31/69] Linking CXX executable Tests/Renderer/NexoraVulkanGoldenTests
[32/69] Linking CXX executable Tests/Runtime/NexoraRuntimeTests
[33/69] Linking CXX executable Tests/Runtime/NexoraTransformTests
[34/69] Linking CXX executable Tests/Runtime/NexoraGameplayHostBridgeTests
[35/69] Linking CXX executable Tests/Runtime/NexoraRenderSyncTests
[36/69] Linking CXX executable Tests/Runtime/NexoraV1M12Tests
[37/69] Linking CXX executable Tests/Runtime/NexoraGameWorldTests
[38/69] Linking CXX executable Tests/Runtime/NexoraV2M12Tests
[39/69] Linking CXX executable Tests/Runtime/NexoraV1M7Tests
[40/69] Linking CXX executable Tests/Runtime/NexoraParentingTests
[41/69] Linking CXX executable Tests/Runtime/NexoraV1M8Tests
[42/69] Linking CXX executable Tests/Runtime/NexoraAIIntentAdapterTests
[43/69] Linking CXX executable Tests/Runtime/NexoraV1M10Tests
[44/69] Linking CXX executable Tests/Runtime/NexoraV2M9Tests
[45/69] Linking CXX executable Tests/Runtime/NexoraV1M4Tests
[46/69] Linking CXX shared module Tests/Runtime/libNexoraDynamicGameplayFirst.so
[47/69] Linking CXX shared module Tests/Runtime/libNexoraDynamicGameplaySecond.so
[48/69] Linking CXX shared module Tests/Runtime/libNexoraDynamicGameplayFailing.so
[49/69] Linking CXX executable Tests/Runtime/NexoraGameplayModuleHostTests
[50/69] Linking CXX executable Tests/Runtime/NexoraV1M11Tests
[51/69] Linking CXX executable Tests/Runtime/NexoraV1M5Tests
[52/69] Linking CXX executable Tests/Runtime/NexoraV1M9Tests
[53/69] Linking CXX executable Tests/Runtime/NexoraBundleMountTests
[54/69] Linking CXX executable Tests/Runtime/NexoraDynamicGameplayModuleTests
[55/69] Linking CXX executable Tests/Runtime/NexoraV1M6Tests
[56/69] Linking CXX executable Tests/Editor/NexoraEditorTests
[57/69] Linking CXX executable Tests/Editor/NexoraMeshImportTests
[58/69] Linking CXX executable Tests/Editor/NexoraEditorViewportMathTests
[59/69] Linking CXX executable Tests/Editor/NexoraMeshReimportTests
[60/69] Linking CXX executable Tests/Editor/NexoraEditorShaderTests
[61/69] Linking CXX executable Tests/Editor/NexoraMeshAssetCatalogTests
[62/69] Linking CXX executable Tests/Editor/NexoraParserRobustnessTests
[63/69] Linking CXX executable Tests/Editor/NexoraEditorComponentResetTests
[64/69] Linking CXX executable Tests/Editor/NexoraEditorAffineGizmoTests
[65/69] Linking CXX executable Tests/Editor/NexoraBuiltinCreationTests
[66/69] Linking CXX executable Tests/Editor/NexoraTransformValueTests
[67/69] Linking CXX executable Tests/Editor/NexoraSceneFileTests
[68/69] Building CXX object Apps/Showcase/CMakeFiles/NexoraShowcaseRoomTests.dir/__/__/Tests/Showcase/ShowcaseRoomTests.cpp.o
[69/69] Linking CXX executable Apps/Showcase/NexoraShowcaseRoomTests
