{
  "scope": "Linux Xvfb actual Vulkan application/video; software GPU is not target hardware",
  "command": [
    "/workspace/Nexora-vis-courtyard-fill/build/linux-showcase-shipping/package/NexoraShowcase-Shipping/bin/NexoraShowcase",
    "--tour=visual",
    "--backend=vulkan",
    "--clean-view",
    "--vsync=off",
    "--no-reload",
    "--gameplay-module=static",
    "--report=/tmp/camera-shipping-tour/tour.json",
    "--quality=standard"
  ],
  "build": {
    "engine_version": "0.1.0",
    "build_id": "47675e7db75b",
    "abi_version": 1,
    "configuration": "Shipping",
    "link_mode": "Monolithic"
  },
  "wall_seconds": 100.77940546699392,
  "video": {
    "programs": [],
    "stream_groups": [],
    "streams": [
      {
        "codec_name": "h264",
        "width": 1280,
        "height": 720
      }
    ],
    "format": {
      "duration": "100.200000"
    }
  },
  "software_rasterizer": true,
  "physical_display_verified": false,
  "executable_sha256": "80e49ba99bf8ddc026a3b047b37c24060cd1ed87348796b88737252067a8e11a",
  "video_sha256": "65def7bb851c023e7f3c1e44b7467729ff8a3bd89c80772e4dc9c31435af1e70",
  "tour_seconds": 100,
  "overlay_frames": 0
}
