{
  "scope": "Linux Xvfb actual Vulkan application/video; software GPU is not target hardware",
  "command": [
    "/workspace/Nexora-vis-crystal-refraction/build/linux-showcase-shipping/package/NexoraShowcase-Shipping/bin/NexoraShowcase",
    "--tour=visual",
    "--backend=vulkan",
    "--clean-view",
    "--vsync=off",
    "--no-reload",
    "--gameplay-module=static",
    "--report=/tmp/refraction-sync-shipping-tour/tour.json",
    "--quality=standard"
  ],
  "build": {
    "engine_version": "0.1.0",
    "build_id": "7de378f24240",
    "abi_version": 1,
    "configuration": "Shipping",
    "link_mode": "Monolithic"
  },
  "wall_seconds": 100.61155569300172,
  "video": {
    "programs": [],
    "stream_groups": [],
    "streams": [
      {
        "codec_name": "h264",
        "width": 1280,
        "height": 720
      }
    ],
    "format": {
      "duration": "100.200000"
    }
  },
  "software_rasterizer": true,
  "physical_display_verified": false,
  "executable_sha256": "6b6a55b9809e3256a5be86b3ca4cbefc27322237e5480ba7c66d268eb4e898c8",
  "video_sha256": "8028c0a122d97e6de1eb47c79d128f3f46fe4e7acb5dbf4c037bea4e5bdb3ff4",
  "tour_seconds": 100,
  "overlay_frames": 0
}
