{
  "native": {
    "executed": true,
    "backend": "vulkan",
    "backend_fallback": false,
    "fallback_reason": "",
    "recovery_action": "render",
    "surface_acquires": 595,
    "surface_presents": 595,
    "surface_recoverable_presents": 0,
    "resize_requests": 0,
    "resize_generations": 1,
    "composed_frames": 0,
    "scene_draws": 595,
    "native_scene_draws": 595,
    "native_scene_instances": 679,
    "native_scene_texture_uploads": 18,
    "native_offscreen_draws": 595,
    "native_shadow_passes": 163,
    "native_shadow_instances": 7824,
    "native_scene_composites": 595,
    "software_rasterizer": true,
    "native_graph_frames": 595,
    "native_graph_passes": 4,
    "native_graph_resource_transitions": 3,
    "native_graph_order": [
      "Offscreen",
      "Main",
      "UI",
      "Present"
    ],
    "native_ui_draws": 423,
    "overlay_frames": 423,
    "rendering_mode": "gpu_scene",
    "clear_color": true,
    "triangle": false,
    "diagnostics_overlay": true
  },
  "visited": [
    "courtyard",
    "gameplay",
    "hub",
    "input",
    "presentation",
    "rendering",
    "scene",
    "shipping",
    "streaming"
  ],
  "evidence_directory": "/tmp/nexora-share-native-package/native"
}
