[1/90] Building CXX object Engine/Foundation/CMakeFiles/NexoraFoundation.dir/src/BuildInfo.cpp.o
[2/90] Linking CXX shared library Engine/Foundation/libNexoraFoundation.so
[3/90] Linking CXX shared library Engine/Core/libNexoraCore.so
[4/90] Linking CXX shared library Engine/RHI/libNexoraRHI.so
[5/90] Linking CXX shared library Engine/Renderer/libNexoraRenderer.so
[6/90] Linking CXX shared library Engine/AI/libNexoraAI.so
[7/90] Linking CXX shared library Engine/Window/libNexoraWindow.so
[8/90] Linking CXX shared library Engine/Runtime/libNexoraRuntime.so
[9/90] Linking CXX shared module Plugins/Example/libNexoraExamplePlugin.so
[10/90] Linking CXX shared library Engine/Animation/libNexoraAnimation.so
[11/90] Linking CXX shared library Engine/PoseSearch/libNexoraPoseSearch.so
[12/90] Linking CXX shared library Engine/Network/libNexoraNetwork.so
[13/90] Linking CXX shared library Engine/Presentation/libNexoraPresentation.so
[14/90] Linking CXX shared library Engine/AIIntegration/libNexoraAIIntegration.so
[15/90] Linking CXX shared library Engine/Editor/libNexoraEditorCore.so
[16/90] Building CXX object Apps/Showcase/CMakeFiles/NexoraShowcaseRoomTests.dir/ShowcaseRooms.cpp.o
[17/90] Linking CXX executable Samples/Api/NexoraApiFoundationSample
[18/90] Linking CXX executable Apps/Editor/NexoraEditor
[19/90] Linking CXX executable Apps/Host/NexoraHost
[20/90] Linking CXX executable Apps/DedicatedServer/NexoraDedicatedServer
[21/90] Linking CXX executable Gameplay/Zig/NexoraZigGameplayTests
[22/90] Linking CXX executable Apps/Showcase/NexoraShowcase
[23/90] Linking CXX executable Apps/Showcase/NexoraShowcaseRoomTests
[24/90] Linking CXX executable Tests/Foundation/NexoraFoundationTests
[25/90] Linking CXX executable Tests/Foundation/NexoraGameplayAbiTests
[26/90] Linking CXX executable Tests/Core/NexoraCoreTests
[27/90] Linking CXX executable Tests/Core/NexoraV2M11Tests
[28/90] Linking CXX executable Tests/AI/NexoraV2M7Tests
[29/90] Linking CXX executable Tests/PoseSearch/NexoraPoseSearchTests
[30/90] Linking CXX executable Tests/Animation/NexoraPoseGraphTests
[31/90] Linking CXX executable Tests/Animation/NexoraSyncGroupTests
[32/90] Linking CXX executable Tests/Animation/NexoraAnimationTests
[33/90] Linking CXX executable Tests/Network/NexoraNetworkTests
[34/90] Linking CXX executable Tests/WindowPresentation/NexoraWindowPresentationTests
[35/90] Linking CXX executable Tests/WindowPresentation/NexoraSceneInstanceTests
[36/90] Linking CXX executable Tests/WindowPresentation/NexoraVulkanSceneTests
[37/90] Linking CXX executable Tests/WindowPresentation/NexoraVulkanPbrTests
[38/90] Linking CXX executable Tests/WindowPresentation/NexoraVulkanSceneUploadTests
[39/90] Linking CXX executable Tests/API/NexoraApiFoundationTests
[40/90] Linking CXX executable Tests/API/NexoraApiCoreContractTests
[41/90] Linking CXX executable Tests/Renderer/NexoraRendererTests
[42/90] Linking CXX executable Tests/Renderer/NexoraSceneFrameTests
[43/90] Linking CXX executable Tests/Renderer/NexoraMaterialTests
[44/90] Linking CXX executable Tests/Renderer/NexoraGoldenImageTests
[45/90] Linking CXX executable Tests/Renderer/NexoraGPUSceneTests
[46/90] Linking CXX executable Tests/Renderer/NexoraGPUDrivenTests
[47/90] Linking CXX executable Tests/Renderer/NexoraShaderReflectionContractTests
[48/90] Linking CXX executable Tests/Renderer/NexoraVulkanGoldenTests
[49/90] Linking CXX executable Tests/Runtime/NexoraShaderRuntimeTests
[50/90] Linking CXX executable Tests/Runtime/NexoraRuntimeTests
[51/90] Linking CXX executable Tests/Runtime/NexoraGameWorldTests
[52/90] Linking CXX executable Tests/Runtime/NexoraTransformTests
[53/90] Linking CXX executable Tests/Runtime/NexoraParentingTests
[54/90] Linking CXX executable Tests/Runtime/NexoraRenderSyncTests
[55/90] Linking CXX executable Tests/Runtime/NexoraGameplayHostBridgeTests
[56/90] Linking CXX executable Tests/Runtime/NexoraV1M12Tests
[57/90] Linking CXX executable Tests/Runtime/NexoraV2M12Tests
[58/90] Linking CXX executable Tests/Runtime/NexoraV1M7Tests
[59/90] Linking CXX executable Tests/Runtime/NexoraV1M8Tests
[60/90] Linking CXX executable Tests/Runtime/NexoraAIIntentAdapterTests
[61/90] Linking CXX executable Tests/Runtime/NexoraV1M10Tests
[62/90] Linking CXX executable Tests/Runtime/NexoraV1M11Tests
[63/90] Linking CXX executable Tests/Runtime/NexoraSyncGroupGraphTests
[64/90] Linking CXX executable Tests/Runtime/NexoraV1M9Tests
[65/90] Linking CXX executable Tests/Runtime/NexoraV2M9Tests
[66/90] Linking CXX executable Tests/Runtime/NexoraV1M4Tests
[67/90] Linking CXX executable Tests/Runtime/NexoraGameplayModuleHostTests
[68/90] Linking CXX shared module Tests/Runtime/libNexoraDynamicGameplayFirst.so
[69/90] Linking CXX shared module Tests/Runtime/libNexoraDynamicGameplaySecond.so
[70/90] Linking CXX shared module Tests/Runtime/libNexoraDynamicGameplayFailing.so
[71/90] Linking CXX executable Tests/Runtime/NexoraDynamicGameplayModuleTests
[72/90] Linking CXX executable Tests/Runtime/NexoraV1M5Tests
[73/90] Linking CXX executable Tests/Runtime/NexoraBundleMountTests
[74/90] Linking CXX executable Tests/Runtime/NexoraV1M6Tests
[75/90] Linking CXX executable Tests/Editor/NexoraEditorShaderTests
[76/90] Linking CXX executable Tests/Editor/NexoraEditorTests
[77/90] Linking CXX executable Tests/Editor/NexoraAutosaveJournalTests
[78/90] Linking CXX executable Tests/Editor/NexoraWorkspaceBudgetTests
[79/90] Linking CXX executable Tests/Editor/NexoraEditorViewportMathTests
[80/90] Linking CXX executable Tests/Editor/NexoraMeshImportTests
[81/90] Linking CXX executable Tests/Editor/NexoraAssetSourceTests
[82/90] Linking CXX executable Tests/Editor/NexoraMeshAssetCatalogTests
[83/90] Linking CXX executable Tests/Editor/NexoraMeshReimportTests
[84/90] Linking CXX executable Tests/Editor/NexoraParserRobustnessTests
[85/90] Linking CXX executable Tests/Editor/NexoraEditorAffineGizmoTests
[86/90] Linking CXX executable Tests/Editor/NexoraEditorComponentResetTests
[87/90] Linking CXX executable Tests/Editor/NexoraTransformValueTests
[88/90] Linking CXX executable Tests/Editor/NexoraBuiltinCreationTests
[89/90] Linking CXX executable Tests/Editor/NexoraSceneFileTests
[90/90] Linking CXX executable Tests/Editor/NexoraPlayInputSettingsTests
