.NET Framework 的 MSBuild 版本 17.14.40+3e7442088

  Checking File Globs
  1>Checking Build System
  BuildInfo.cpp
  NexoraFoundation.vcxproj -> G:\proj\Nexora\build\windows-showcase-development\bin\Development\NexoraFoundation.dll
  NexoraDynamicGameplayFailing.vcxproj -> G:\proj\Nexora\build\windows-showcase-development\Tests\Runtime\Development\NexoraDynamicGameplayFailing.dll
  NexoraDynamicGameplaySecond.vcxproj -> G:\proj\Nexora\build\windows-showcase-development\Tests\Runtime\Development\NexoraDynamicGameplaySecond.dll
  NexoraExamplePlugin.vcxproj -> G:\proj\Nexora\build\windows-showcase-development\Plugins\Example\Development\NexoraExamplePlugin.dll
  NexoraDynamicGameplayFirst.vcxproj -> G:\proj\Nexora\build\windows-showcase-development\Tests\Runtime\Development\NexoraDynamicGameplayFirst.dll
  Building Custom Rule G:/proj/Nexora/Engine/Animation/CMakeLists.txt
  NexoraCore.vcxproj -> G:\proj\Nexora\build\windows-showcase-development\bin\Development\NexoraCore.dll
  NexoraApiFoundationTests.vcxproj -> G:\proj\Nexora\build\windows-showcase-development\bin\Development\NexoraApiFoundationTests.exe
  NexoraApiM6CConsumer.vcxproj -> G:\proj\Nexora\build\windows-showcase-development\bin\Development\NexoraApiM6CConsumer.exe
  Pose.cpp
  NexoraCoreTests.vcxproj -> G:\proj\Nexora\build\windows-showcase-development\bin\Development\NexoraCoreTests.exe
  NexoraApiCoreContractTests.vcxproj -> G:\proj\Nexora\build\windows-showcase-development\bin\Development\NexoraApiCoreContractTests.exe
  NexoraAI.vcxproj -> G:\proj\Nexora\build\windows-showcase-development\bin\Development\NexoraAI.dll
  NexoraNetwork.vcxproj -> G:\proj\Nexora\build\windows-showcase-development\bin\Development\NexoraNetwork.dll
  D3D12Device.cpp
  NexoraDedicatedServer.vcxproj -> G:\proj\Nexora\build\windows-showcase-development\bin\Development\NexoraDedicatedServer.exe
  NexoraApiFoundationSample.vcxproj -> G:\proj\Nexora\build\windows-showcase-development\bin\Development\NexoraApiFoundationSample.exe
  Win32Window.cpp
  NexoraFoundationTests.vcxproj -> G:\proj\Nexora\build\windows-showcase-development\bin\Development\NexoraFoundationTests.exe
  NexoraGameplayAbiTests.vcxproj -> G:\proj\Nexora\build\windows-showcase-development\bin\Development\NexoraGameplayAbiTests.exe
  NexoraNetworkTests.vcxproj -> G:\proj\Nexora\build\windows-showcase-development\bin\Development\NexoraNetworkTests.exe
  Building Custom Rule G:/proj/Nexora/Engine/PoseSearch/CMakeLists.txt
  Building the Zig gameplay Development shared library
  Building the Zig gameplay ABI sample
  PoseSearch.cpp
  SyncGroup.cpp
  PoseGraph.cpp
     正在建立程式庫 G:/proj/Nexora/build/windows-showcase-development/Engine/PoseSearch/Development/NexoraPoseSearch.lib 和物件 G:/proj/Nexora/build/windows-showcase-development/Engine/PoseSearch/Development/NexoraPoseSearch.exp
  正在產生程式碼...
  NexoraPoseSearch.vcxproj -> G:\proj\Nexora\build\windows-showcase-development\bin\Development\NexoraPoseSearch.dll
  NexoraShowcaseProbes.vcxproj -> G:\proj\Nexora\build\windows-showcase-development\Apps\Showcase\Development\NexoraShowcaseProbes.lib
  NexoraShowcaseProbeTests.vcxproj -> G:\proj\Nexora\build\windows-showcase-development\bin\Development\NexoraShowcaseProbeTests.exe
  Building Custom Rule G:/proj/Nexora/Apps/Showcase/CMakeLists.txt
  Window.cpp
  ShowcasePerformanceTests.cpp
  DeviceFactory.cpp
  正在產生程式碼...
  NexoraV2M11Tests.vcxproj -> G:\proj\Nexora\build\windows-showcase-development\bin\Development\NexoraV2M11Tests.exe
  ShaderReflection.cpp
  NexoraWindow.vcxproj -> G:\proj\Nexora\build\windows-showcase-development\bin\Development\NexoraWindow.dll
  NexoraV2M7Tests.vcxproj -> G:\proj\Nexora\build\windows-showcase-development\bin\Development\NexoraV2M7Tests.exe
  ShowcasePerformance.cpp
  ValidationDevice.cpp
  正在產生程式碼...
  NexoraRHI.vcxproj -> G:\proj\Nexora\build\windows-showcase-development\bin\Development\NexoraRHI.dll
  FramePipeline.cpp
  Dx12Surface.cpp
  正在產生程式碼...
  NexoraShowcasePerformanceTests.vcxproj -> G:\proj\Nexora\build\windows-showcase-development\bin\Development\NexoraShowcasePerformanceTests.exe
     正在建立程式庫 G:/proj/Nexora/build/windows-showcase-development/Engine/Animation/Development/NexoraAnimation.lib 和物件 G:/proj/Nexora/build/windows-showcase-development/Engine/Animation/Development/NexoraAnimation.exp
  GPUDrivenPipeline.cpp
  NexoraAnimation.vcxproj -> G:\proj\Nexora\build\windows-showcase-development\bin\Development\NexoraAnimation.dll
G:\proj\Nexora\Engine\Presentation\src\ScenePbrHlslShaders.h(1031,1): error C2026: 字串太大，尾端字元已經截斷 [G:\proj\Nexora\build\windows-showcase-development\Engine\Presentation\NexoraPresentation.vcxproj]
  (編譯來源檔案 '../../../../Engine/Presentation/src/Dx12Surface.cpp')

G:\proj\Nexora\Engine\Presentation\src\ScenePbrHlslShaders.h(1671,1): error C2026: 字串太大，尾端字元已經截斷 [G:\proj\Nexora\build\windows-showcase-development\Engine\Presentation\NexoraPresentation.vcxproj]
  (編譯來源檔案 '../../../../Engine/Presentation/src/Dx12Surface.cpp')

  Building Custom Rule G:/proj/Nexora/Tests/PoseSearch/CMakeLists.txt
  Building Custom Rule G:/proj/Nexora/Tests/Animation/CMakeLists.txt
  PoseSearchTests.cpp
  Building Custom Rule G:/proj/Nexora/Tests/Animation/CMakeLists.txt
  PoseTests.cpp
  Presentation.cpp
  PoseGraphTests.cpp
  Building Custom Rule G:/proj/Nexora/Tests/Animation/CMakeLists.txt
  PipelineCache.cpp
  RenderSurface.cpp
  SyncGroupTests.cpp
  RenderGraph.cpp
  正在產生程式碼...
  NexoraPoseSearchTests.vcxproj -> G:\proj\Nexora\build\windows-showcase-development\bin\Development\NexoraPoseSearchTests.exe
  NexoraAnimationTests.vcxproj -> G:\proj\Nexora\build\windows-showcase-development\bin\Development\NexoraAnimationTests.exe
  NexoraPoseGraphTests.vcxproj -> G:\proj\Nexora\build\windows-showcase-development\bin\Development\NexoraPoseGraphTests.exe
  SceneFrame.cpp
  NexoraSyncGroupTests.vcxproj -> G:\proj\Nexora\build\windows-showcase-development\bin\Development\NexoraSyncGroupTests.exe
  MeshTangents.cpp
  正在產生程式碼...
     正在建立程式庫 G:/proj/Nexora/build/windows-showcase-development/Engine/Renderer/Development/NexoraRenderer.lib 和物件 G:/proj/Nexora/build/windows-showcase-development/Engine/Renderer/Development/NexoraRenderer.exp
  NexoraRenderer.vcxproj -> G:\proj\Nexora\build\windows-showcase-development\bin\Development\NexoraRenderer.dll
  SceneFrameTests.cpp
  RendererTests.cpp
  NexoraGoldenImageTests.vcxproj -> G:\proj\Nexora\build\windows-showcase-development\bin\Development\NexoraGoldenImageTests.exe
  GPUDrivenPipelineTests.cpp
  NexoraMaterialTests.vcxproj -> G:\proj\Nexora\build\windows-showcase-development\bin\Development\NexoraMaterialTests.exe
  NexoraGPUSceneTests.vcxproj -> G:\proj\Nexora\build\windows-showcase-development\bin\Development\NexoraGPUSceneTests.exe
  EditorSdk.cpp
  NexoraSceneFrameTests.vcxproj -> G:\proj\Nexora\build\windows-showcase-development\bin\Development\NexoraSceneFrameTests.exe
  NexoraRendererTests.vcxproj -> G:\proj\Nexora\build\windows-showcase-development\bin\Development\NexoraRendererTests.exe
  NexoraGPUDrivenTests.vcxproj -> G:\proj\Nexora\build\windows-showcase-development\bin\Development\NexoraGPUDrivenTests.exe
  GameWorld.cpp
  GameplayHostBridge.cpp
  GameplayModuleHost.cpp
  Presentation.cpp
  PresentationV2.cpp
  RenderSync.cpp
  Runtime.cpp
  ShaderRuntime.cpp
  正在產生程式碼...
     正在建立程式庫 G:/proj/Nexora/build/windows-showcase-development/Engine/Runtime/Development/NexoraRuntime.lib 和物件 G:/proj/Nexora/build/windows-showcase-development/Engine/Runtime/Development/NexoraRuntime.exp
  NexoraRuntime.vcxproj -> G:\proj\Nexora\build\windows-showcase-development\bin\Development\NexoraRuntime.dll
  ShaderRuntimeTests.cpp
  AssetImport.cpp
  TransformTests.cpp
  ParentingTests.cpp
  RuntimeTests.cpp
  NexoraV1M5Tests.vcxproj -> G:\proj\Nexora\build\windows-showcase-development\bin\Development\NexoraV1M5Tests.exe
  V2M9Tests.cpp
  NexoraV2M12Tests.vcxproj -> G:\proj\Nexora\build\windows-showcase-development\bin\Development\NexoraV2M12Tests.exe
  V1M6Tests.cpp
  NexoraRuntimeTests.vcxproj -> G:\proj\Nexora\build\windows-showcase-development\bin\Development\NexoraRuntimeTests.exe
  NexoraV2M9Tests.vcxproj -> G:\proj\Nexora\build\windows-showcase-development\bin\Development\NexoraV2M9Tests.exe
  V1M9Tests.cpp
  NexoraV1M10Tests.vcxproj -> G:\proj\Nexora\build\windows-showcase-development\bin\Development\NexoraV1M10Tests.exe
  NexoraShaderRuntimeTests.vcxproj -> G:\proj\Nexora\build\windows-showcase-development\bin\Development\NexoraShaderRuntimeTests.exe
  RenderSyncTests.cpp
  ContentBrowser.cpp
  NexoraV1M8Tests.vcxproj -> G:\proj\Nexora\build\windows-showcase-development\bin\Development\NexoraV1M8Tests.exe
  NexoraParentingTests.vcxproj -> G:\proj\Nexora\build\windows-showcase-development\bin\Development\NexoraParentingTests.exe
  NexoraV1M6Tests.vcxproj -> G:\proj\Nexora\build\windows-showcase-development\bin\Development\NexoraV1M6Tests.exe
  NexoraBundleMountTests.vcxproj -> G:\proj\Nexora\build\windows-showcase-development\bin\Development\NexoraBundleMountTests.exe
  NexoraTransformTests.vcxproj -> G:\proj\Nexora\build\windows-showcase-development\bin\Development\NexoraTransformTests.exe
  ZigGameplayTests.cpp
  Building Custom Rule G:/proj/Nexora/Tests/Runtime/CMakeLists.txt
  SyncGroupGraphTests.cpp
  NexoraV1M7Tests.vcxproj -> G:\proj\Nexora\build\windows-showcase-development\bin\Development\NexoraV1M7Tests.exe
  main.cpp
  NexoraV1M9Tests.vcxproj -> G:\proj\Nexora\build\windows-showcase-development\bin\Development\NexoraV1M9Tests.exe
  EditorProduction.cpp
  V1M4Tests.cpp
  NexoraSyncGroupGraphTests.vcxproj -> G:\proj\Nexora\build\windows-showcase-development\bin\Development\NexoraSyncGroupGraphTests.exe
  NexoraRenderSyncTests.vcxproj -> G:\proj\Nexora\build\windows-showcase-development\bin\Development\NexoraRenderSyncTests.exe
  GameplayModuleHostTests.cpp
  DynamicGameplayModuleTests.cpp
  NexoraZigGameplayTests.vcxproj -> G:\proj\Nexora\build\windows-showcase-development\bin\Development\NexoraZigGameplayTests.exe
  NexoraV1M12Tests.vcxproj -> G:\proj\Nexora\build\windows-showcase-development\bin\Development\NexoraV1M12Tests.exe
  NexoraHost.vcxproj -> G:\proj\Nexora\build\windows-showcase-development\bin\Development\NexoraHost.exe
  ProjectContent.cpp
  IntentAdapter.cpp
  NexoraV1M4Tests.vcxproj -> G:\proj\Nexora\build\windows-showcase-development\bin\Development\NexoraV1M4Tests.exe
  NexoraGameplayModuleHostTests.vcxproj -> G:\proj\Nexora\build\windows-showcase-development\bin\Development\NexoraGameplayModuleHostTests.exe
  NexoraV1M11Tests.vcxproj -> G:\proj\Nexora\build\windows-showcase-development\bin\Development\NexoraV1M11Tests.exe
  GameplayHostBridgeTests.cpp
  GameWorldTests.cpp
  NexoraDynamicGameplayModuleTests.vcxproj -> G:\proj\Nexora\build\windows-showcase-development\bin\Development\NexoraDynamicGameplayModuleTests.exe
  NexoraAIIntegration.vcxproj -> G:\proj\Nexora\build\windows-showcase-development\bin\Development\NexoraAIIntegration.dll
  AIIntentAdapterTests.cpp
  NexoraGameWorldTests.vcxproj -> G:\proj\Nexora\build\windows-showcase-development\bin\Development\NexoraGameWorldTests.exe
  ProjectWorkspace.cpp
  NexoraAIIntentAdapterTests.vcxproj -> G:\proj\Nexora\build\windows-showcase-development\bin\Development\NexoraAIIntentAdapterTests.exe
  NexoraGameplayHostBridgeTests.vcxproj -> G:\proj\Nexora\build\windows-showcase-development\bin\Development\NexoraGameplayHostBridgeTests.exe
  ProjectInputBindings.cpp
  PlayApply.cpp
  EditorWorkspace.cpp
  MeshImport.cpp
  MeshAssetCatalog.cpp
  ShaderAuthoring.cpp
  SceneAuthoring.cpp
  SceneFiles.cpp
  ViewportMath.cpp
  正在產生程式碼...
     正在建立程式庫 G:/proj/Nexora/build/windows-showcase-development/Engine/Editor/Development/NexoraEditorCore.lib 和物件 G:/proj/Nexora/build/windows-showcase-development/Engine/Editor/Development/NexoraEditorCore.exp
  NexoraEditorCore.vcxproj -> G:\proj\Nexora\build\windows-showcase-development\bin\Development\NexoraEditorCore.dll
  Building Custom Rule G:/proj/Nexora/Tests/Editor/CMakeLists.txt
  Building Custom Rule G:/proj/Nexora/Tests/Editor/CMakeLists.txt
  Building Custom Rule G:/proj/Nexora/Tests/Editor/CMakeLists.txt
  Building Custom Rule G:/proj/Nexora/Tests/Editor/CMakeLists.txt
  Building Custom Rule G:/proj/Nexora/Tests/Editor/CMakeLists.txt
  Building Custom Rule G:/proj/Nexora/Tests/Editor/CMakeLists.txt
  Building Custom Rule G:/proj/Nexora/Tests/Editor/CMakeLists.txt
  Building Custom Rule G:/proj/Nexora/Tests/Editor/CMakeLists.txt
  Building Custom Rule G:/proj/Nexora/Tests/Editor/CMakeLists.txt
  Building Custom Rule G:/proj/Nexora/Tests/Editor/CMakeLists.txt
  AssetSourceTests.cpp
  SceneFileTests.cpp
  ParserRobustnessTests.cpp
  PlayInputSettingsTests.cpp
  ViewportMathTests.cpp
  ComponentResetTests.cpp
  AutosaveJournalTests.cpp
  main.cpp
  MeshReimportTests.cpp
  MeshAssetCatalogTests.cpp
  NexoraAssetSourceTests.vcxproj -> G:\proj\Nexora\build\windows-showcase-development\bin\Development\NexoraAssetSourceTests.exe
  NexoraEditorComponentResetTests.vcxproj -> G:\proj\Nexora\build\windows-showcase-development\bin\Development\NexoraEditorComponentResetTests.exe
  AffineGizmoTests.cpp
  NexoraPlayInputSettingsTests.vcxproj -> G:\proj\Nexora\build\windows-showcase-development\bin\Development\NexoraPlayInputSettingsTests.exe
  ShaderAuthoringTests.cpp
  NexoraAutosaveJournalTests.vcxproj -> G:\proj\Nexora\build\windows-showcase-development\bin\Development\NexoraAutosaveJournalTests.exe
  Building Custom Rule G:/proj/Nexora/Tests/Editor/CMakeLists.txt
  TransformValueTests.cpp
  Building Custom Rule G:/proj/Nexora/Tests/Editor/CMakeLists.txt
  WorkspaceBudgetTests.cpp
  NexoraMeshAssetCatalogTests.vcxproj -> G:\proj\Nexora\build\windows-showcase-development\bin\Development\NexoraMeshAssetCatalogTests.exe
  NexoraSceneFileTests.vcxproj -> G:\proj\Nexora\build\windows-showcase-development\bin\Development\NexoraSceneFileTests.exe
  NexoraEditor.vcxproj -> G:\proj\Nexora\build\windows-showcase-development\bin\Development\NexoraEditor.exe
  NexoraMeshReimportTests.vcxproj -> G:\proj\Nexora\build\windows-showcase-development\bin\Development\NexoraMeshReimportTests.exe
  NexoraParserRobustnessTests.vcxproj -> G:\proj\Nexora\build\windows-showcase-development\bin\Development\NexoraParserRobustnessTests.exe
  MeshImportTests.cpp
  NexoraEditorViewportMathTests.vcxproj -> G:\proj\Nexora\build\windows-showcase-development\bin\Development\NexoraEditorViewportMathTests.exe
  NexoraEditorAffineGizmoTests.vcxproj -> G:\proj\Nexora\build\windows-showcase-development\bin\Development\NexoraEditorAffineGizmoTests.exe
  EditorTests.cpp
  BuiltinCreationTests.cpp
  NexoraEditorShaderTests.vcxproj -> G:\proj\Nexora\build\windows-showcase-development\bin\Development\NexoraEditorShaderTests.exe
  NexoraWorkspaceBudgetTests.vcxproj -> G:\proj\Nexora\build\windows-showcase-development\bin\Development\NexoraWorkspaceBudgetTests.exe
  NexoraTransformValueTests.vcxproj -> G:\proj\Nexora\build\windows-showcase-development\bin\Development\NexoraTransformValueTests.exe
  NexoraMeshImportTests.vcxproj -> G:\proj\Nexora\build\windows-showcase-development\bin\Development\NexoraMeshImportTests.exe
  NexoraBuiltinCreationTests.vcxproj -> G:\proj\Nexora\build\windows-showcase-development\bin\Development\NexoraBuiltinCreationTests.exe
  NexoraEditorTests.vcxproj -> G:\proj\Nexora\build\windows-showcase-development\bin\Development\NexoraEditorTests.exe
