.NET Framework 的 MSBuild 版本 17.14.40+3e7442088

  Checking File Globs
  NexoraFoundation.vcxproj -> G:\proj\Nexora\build\windows-showcase-development\bin\Development\NexoraFoundation.dll
  NexoraDynamicGameplayFailing.vcxproj -> G:\proj\Nexora\build\windows-showcase-development\Tests\Runtime\Development\NexoraDynamicGameplayFailing.dll
  NexoraDynamicGameplayFirst.vcxproj -> G:\proj\Nexora\build\windows-showcase-development\Tests\Runtime\Development\NexoraDynamicGameplayFirst.dll
  NexoraDynamicGameplaySecond.vcxproj -> G:\proj\Nexora\build\windows-showcase-development\Tests\Runtime\Development\NexoraDynamicGameplaySecond.dll
  NexoraExamplePlugin.vcxproj -> G:\proj\Nexora\build\windows-showcase-development\Plugins\Example\Development\NexoraExamplePlugin.dll
  NexoraCore.vcxproj -> G:\proj\Nexora\build\windows-showcase-development\bin\Development\NexoraCore.dll
  NexoraAnimation.vcxproj -> G:\proj\Nexora\build\windows-showcase-development\bin\Development\NexoraAnimation.dll
  NexoraApiFoundationTests.vcxproj -> G:\proj\Nexora\build\windows-showcase-development\bin\Development\NexoraApiFoundationTests.exe
  NexoraAI.vcxproj -> G:\proj\Nexora\build\windows-showcase-development\bin\Development\NexoraAI.dll
  NexoraRHI.vcxproj -> G:\proj\Nexora\build\windows-showcase-development\bin\Development\NexoraRHI.dll
  NexoraApiCoreContractTests.vcxproj -> G:\proj\Nexora\build\windows-showcase-development\bin\Development\NexoraApiCoreContractTests.exe
  NexoraApiM6CConsumer.vcxproj -> G:\proj\Nexora\build\windows-showcase-development\bin\Development\NexoraApiM6CConsumer.exe
  NexoraApiFoundationSample.vcxproj -> G:\proj\Nexora\build\windows-showcase-development\bin\Development\NexoraApiFoundationSample.exe
  NexoraCoreTests.vcxproj -> G:\proj\Nexora\build\windows-showcase-development\bin\Development\NexoraCoreTests.exe
  NexoraNetwork.vcxproj -> G:\proj\Nexora\build\windows-showcase-development\bin\Development\NexoraNetwork.dll
  NexoraWindow.vcxproj -> G:\proj\Nexora\build\windows-showcase-development\bin\Development\NexoraWindow.dll
  NexoraDedicatedServer.vcxproj -> G:\proj\Nexora\build\windows-showcase-development\bin\Development\NexoraDedicatedServer.exe
  NexoraRenderer.vcxproj -> G:\proj\Nexora\build\windows-showcase-development\bin\Development\NexoraRenderer.dll
  NexoraFoundationTests.vcxproj -> G:\proj\Nexora\build\windows-showcase-development\bin\Development\NexoraFoundationTests.exe
  NexoraAnimationTests.vcxproj -> G:\proj\Nexora\build\windows-showcase-development\bin\Development\NexoraAnimationTests.exe
  NexoraGameplayAbiTests.vcxproj -> G:\proj\Nexora\build\windows-showcase-development\bin\Development\NexoraGameplayAbiTests.exe
  NexoraPresentation.vcxproj -> G:\proj\Nexora\build\windows-showcase-development\bin\Development\NexoraPresentation.dll
  NexoraDx12PbrTests.vcxproj -> G:\proj\Nexora\build\windows-showcase-development\bin\Development\NexoraDx12PbrTests.exe
  NexoraInertialBlendTests.vcxproj -> G:\proj\Nexora\build\windows-showcase-development\bin\Development\NexoraInertialBlendTests.exe
  NexoraGoldenImageTests.vcxproj -> G:\proj\Nexora\build\windows-showcase-development\bin\Development\NexoraGoldenImageTests.exe
  NexoraGPUSceneTests.vcxproj -> G:\proj\Nexora\build\windows-showcase-development\bin\Development\NexoraGPUSceneTests.exe
  NexoraMaterialTests.vcxproj -> G:\proj\Nexora\build\windows-showcase-development\bin\Development\NexoraMaterialTests.exe
  NexoraGPUDrivenTests.vcxproj -> G:\proj\Nexora\build\windows-showcase-development\bin\Development\NexoraGPUDrivenTests.exe
  NexoraNetworkTests.vcxproj -> G:\proj\Nexora\build\windows-showcase-development\bin\Development\NexoraNetworkTests.exe
  NexoraPoseSearch.vcxproj -> G:\proj\Nexora\build\windows-showcase-development\bin\Development\NexoraPoseSearch.dll
  NexoraPoseGraphTests.vcxproj -> G:\proj\Nexora\build\windows-showcase-development\bin\Development\NexoraPoseGraphTests.exe
  ProjectPackage.cpp
  NexoraPoseSearchTests.vcxproj -> G:\proj\Nexora\build\windows-showcase-development\bin\Development\NexoraPoseSearchTests.exe
  NexoraRendererTests.vcxproj -> G:\proj\Nexora\build\windows-showcase-development\bin\Development\NexoraRendererTests.exe
  NexoraProcessMemoryTests.vcxproj -> G:\proj\Nexora\build\windows-showcase-development\bin\Development\NexoraProcessMemoryTests.exe
  NexoraSceneInstanceTests.vcxproj -> G:\proj\Nexora\build\windows-showcase-development\bin\Development\NexoraSceneInstanceTests.exe
  NexoraSceneFrameTests.vcxproj -> G:\proj\Nexora\build\windows-showcase-development\bin\Development\NexoraSceneFrameTests.exe
  NexoraShowcasePerformanceTests.vcxproj -> G:\proj\Nexora\build\windows-showcase-development\bin\Development\NexoraShowcasePerformanceTests.exe
  NexoraShowcaseProbes.vcxproj -> G:\proj\Nexora\build\windows-showcase-development\Apps\Showcase\Development\NexoraShowcaseProbes.lib
  NexoraShowcaseProbeTests.vcxproj -> G:\proj\Nexora\build\windows-showcase-development\bin\Development\NexoraShowcaseProbeTests.exe
  NexoraSyncGroupTests.vcxproj -> G:\proj\Nexora\build\windows-showcase-development\bin\Development\NexoraSyncGroupTests.exe
  NexoraV2M11Tests.vcxproj -> G:\proj\Nexora\build\windows-showcase-development\bin\Development\NexoraV2M11Tests.exe
  NexoraV2M7Tests.vcxproj -> G:\proj\Nexora\build\windows-showcase-development\bin\Development\NexoraV2M7Tests.exe
  NexoraWindowPresentationTests.vcxproj -> G:\proj\Nexora\build\windows-showcase-development\bin\Development\NexoraWindowPresentationTests.exe
     正在建立程式庫 G:/proj/Nexora/build/windows-showcase-development/Engine/Runtime/Development/NexoraRuntime.lib 和物件 G:/proj/Nexora/build/windows-showcase-development/Engine/Runtime/Development/NexoraRuntime.exp
  NexoraRuntime.vcxproj -> G:\proj\Nexora\build\windows-showcase-development\bin\Development\NexoraRuntime.dll
  Building Custom Rule G:/proj/Nexora/Tests/Runtime/CMakeLists.txt
  Building Custom Rule G:/proj/Nexora/Tests/Runtime/CMakeLists.txt
  Building Custom Rule G:/proj/Nexora/Tests/Runtime/CMakeLists.txt
  Building Custom Rule G:/proj/Nexora/Tests/Runtime/CMakeLists.txt
  Building Custom Rule G:/proj/Nexora/Tests/Runtime/CMakeLists.txt
  Building Custom Rule G:/proj/Nexora/Tests/Runtime/CMakeLists.txt
  Building Custom Rule G:/proj/Nexora/Tests/Runtime/CMakeLists.txt
  Building Custom Rule G:/proj/Nexora/Tests/Runtime/CMakeLists.txt
  Building Custom Rule G:/proj/Nexora/Tests/Runtime/CMakeLists.txt
  Building Custom Rule G:/proj/Nexora/Tests/Runtime/CMakeLists.txt
  Building Custom Rule G:/proj/Nexora/Tests/Runtime/CMakeLists.txt
  Building Custom Rule G:/proj/Nexora/Tests/Runtime/CMakeLists.txt
  Building Custom Rule G:/proj/Nexora/Tests/Runtime/CMakeLists.txt
  Building Custom Rule G:/proj/Nexora/Tests/Runtime/CMakeLists.txt
  Building Custom Rule G:/proj/Nexora/Tests/Runtime/CMakeLists.txt
  Building Custom Rule G:/proj/Nexora/Tests/Runtime/CMakeLists.txt
  Building Custom Rule G:/proj/Nexora/Tests/Runtime/CMakeLists.txt
  Building Custom Rule G:/proj/Nexora/Tests/Runtime/CMakeLists.txt
  Building Custom Rule G:/proj/Nexora/Tests/Runtime/CMakeLists.txt
  Building Custom Rule G:/proj/Nexora/Tests/Runtime/CMakeLists.txt
  Building Custom Rule G:/proj/Nexora/Tests/Runtime/CMakeLists.txt
  Building Custom Rule G:/proj/Nexora/Tests/Runtime/CMakeLists.txt
  Building Custom Rule G:/proj/Nexora/Tests/Runtime/CMakeLists.txt
  Building Custom Rule G:/proj/Nexora/Tests/Runtime/CMakeLists.txt
  Building Custom Rule G:/proj/Nexora/Tests/Runtime/CMakeLists.txt
  Building Custom Rule G:/proj/Nexora/Tests/Runtime/CMakeLists.txt
  IntentAdapter.cpp
  BoundedSceneSaveTests.cpp
  CookedSceneAssetTests.cpp
  NexoraV1M7Tests.vcxproj -> G:\proj\Nexora\build\windows-showcase-development\bin\Development\NexoraV1M7Tests.exe
  NexoraV2M9Tests.vcxproj -> G:\proj\Nexora\build\windows-showcase-development\bin\Development\NexoraV2M9Tests.exe
  V1M4Tests.cpp
  GameWorldTests.cpp
  NexoraV1M11Tests.vcxproj -> G:\proj\Nexora\build\windows-showcase-development\bin\Development\NexoraV1M11Tests.exe
  TransformTests.cpp
  NexoraBoundedSceneSaveTests.vcxproj -> G:\proj\Nexora\build\windows-showcase-development\bin\Development\NexoraBoundedSceneSaveTests.exe
  NexoraSyncGroupGraphTests.vcxproj -> G:\proj\Nexora\build\windows-showcase-development\bin\Development\NexoraSyncGroupGraphTests.exe
  NexoraAIIntegration.vcxproj -> G:\proj\Nexora\build\windows-showcase-development\bin\Development\NexoraAIIntegration.dll
  NexoraGameWorldTests.vcxproj -> G:\proj\Nexora\build\windows-showcase-development\bin\Development\NexoraGameWorldTests.exe
  NexoraShaderRuntimeTests.vcxproj -> G:\proj\Nexora\build\windows-showcase-development\bin\Development\NexoraShaderRuntimeTests.exe
  NexoraV2M12Tests.vcxproj -> G:\proj\Nexora\build\windows-showcase-development\bin\Development\NexoraV2M12Tests.exe
  NexoraCookedSceneAssetTests.vcxproj -> G:\proj\Nexora\build\windows-showcase-development\bin\Development\NexoraCookedSceneAssetTests.exe
  GameplayHostBridgeTests.cpp
  NexoraV1M4Tests.vcxproj -> G:\proj\Nexora\build\windows-showcase-development\bin\Development\NexoraV1M4Tests.exe
  RuntimeTests.cpp
  NexoraV1M8Tests.vcxproj -> G:\proj\Nexora\build\windows-showcase-development\bin\Development\NexoraV1M8Tests.exe
  RuntimeConsoleTests.cpp
  NexoraGameplayModuleHostTests.vcxproj -> G:\proj\Nexora\build\windows-showcase-development\bin\Development\NexoraGameplayModuleHostTests.exe
  RenderSyncTests.cpp
  NexoraTransformTests.vcxproj -> G:\proj\Nexora\build\windows-showcase-development\bin\Development\NexoraTransformTests.exe
  ProjectPackageTests.cpp
  NexoraDynamicGameplayModuleTests.vcxproj -> G:\proj\Nexora\build\windows-showcase-development\bin\Development\NexoraDynamicGameplayModuleTests.exe
  NexoraRuntimeTests.vcxproj -> G:\proj\Nexora\build\windows-showcase-development\bin\Development\NexoraRuntimeTests.exe
  NexoraV1M10Tests.vcxproj -> G:\proj\Nexora\build\windows-showcase-development\bin\Development\NexoraV1M10Tests.exe
  NexoraV1M5Tests.vcxproj -> G:\proj\Nexora\build\windows-showcase-development\bin\Development\NexoraV1M5Tests.exe
  ParentingTests.cpp
  NexoraRuntimeConsoleTests.vcxproj -> G:\proj\Nexora\build\windows-showcase-development\bin\Development\NexoraRuntimeConsoleTests.exe
  AssetImport.cpp
  NexoraGameplayHostBridgeTests.vcxproj -> G:\proj\Nexora\build\windows-showcase-development\bin\Development\NexoraGameplayHostBridgeTests.exe
  NexoraRenderSyncTests.vcxproj -> G:\proj\Nexora\build\windows-showcase-development\bin\Development\NexoraRenderSyncTests.exe
  NexoraV1M12Tests.vcxproj -> G:\proj\Nexora\build\windows-showcase-development\bin\Development\NexoraV1M12Tests.exe
  NexoraBundleMountTests.vcxproj -> G:\proj\Nexora\build\windows-showcase-development\bin\Development\NexoraBundleMountTests.exe
  NexoraProjectPackageTests.vcxproj -> G:\proj\Nexora\build\windows-showcase-development\bin\Development\NexoraProjectPackageTests.exe
  ZigGameplayTests.cpp
  NexoraV1M9Tests.vcxproj -> G:\proj\Nexora\build\windows-showcase-development\bin\Development\NexoraV1M9Tests.exe
  NexoraParentingTests.vcxproj -> G:\proj\Nexora\build\windows-showcase-development\bin\Development\NexoraParentingTests.exe
  NexoraHost.vcxproj -> G:\proj\Nexora\build\windows-showcase-development\bin\Development\NexoraHost.exe
  V1M6Tests.cpp
  ShowcaseRooms.cpp
  ShowcaseRooms.cpp
  ContentBrowser.cpp
  NexoraV1M6Tests.vcxproj -> G:\proj\Nexora\build\windows-showcase-development\bin\Development\NexoraV1M6Tests.exe
  NexoraZigGameplayTests.vcxproj -> G:\proj\Nexora\build\windows-showcase-development\bin\Development\NexoraZigGameplayTests.exe
  Building Custom Rule G:/proj/Nexora/Tests/Runtime/CMakeLists.txt
  AIIntentAdapterTests.cpp
  EditorProduction.cpp
  NexoraAIIntentAdapterTests.vcxproj -> G:\proj\Nexora\build\windows-showcase-development\bin\Development\NexoraAIIntentAdapterTests.exe
  ProjectContent.cpp
  ProjectWorkspace.cpp
  ProjectInputBindings.cpp
  main.cpp
  PlayApply.cpp
  NexoraShowcaseRoomTests.vcxproj -> G:\proj\Nexora\build\windows-showcase-development\bin\Development\NexoraShowcaseRoomTests.exe
  正在產生程式碼...
  NexoraShowcase.vcxproj -> G:\proj\Nexora\build\windows-showcase-development\bin\Development\NexoraShowcase.exe
  EditorWorkspace.cpp
  MaterialImport.cpp
  MaterialAssetCatalog.cpp
  MeshAssetCatalog.cpp
  SceneAuthoring.cpp
  SceneFiles.cpp
  ViewportMath.cpp
  正在產生程式碼...
     正在建立程式庫 G:/proj/Nexora/build/windows-showcase-development/Engine/Editor/Development/NexoraEditorCore.lib 和物件 G:/proj/Nexora/build/windows-showcase-development/Engine/Editor/Development/NexoraEditorCore.exp
  NexoraEditorCore.vcxproj -> G:\proj\Nexora\build\windows-showcase-development\bin\Development\NexoraEditorCore.dll
  Building Custom Rule G:/proj/Nexora/Tests/Editor/CMakeLists.txt
  Building Custom Rule G:/proj/Nexora/Tests/Editor/CMakeLists.txt
  Building Custom Rule G:/proj/Nexora/Tests/Editor/CMakeLists.txt
  AdditiveSceneTests.cpp
  Building Custom Rule G:/proj/Nexora/Tests/Editor/CMakeLists.txt
  PreparedSceneSaveTests.cpp
  MeshAssetCatalogTests.cpp
  PlayInputSettingsTests.cpp
  SceneRuntimeCaptureTests.cpp
  ExternalSceneSaveTests.cpp
  WorkspaceBudgetTests.cpp
  TransformValueTests.cpp
  SceneFileTests.cpp
  NexoraPreparedSceneSaveTests.vcxproj -> G:\proj\Nexora\build\windows-showcase-development\bin\Development\NexoraPreparedSceneSaveTests.exe
  NexoraExternalSceneSaveTests.vcxproj -> G:\proj\Nexora\build\windows-showcase-development\bin\Development\NexoraExternalSceneSaveTests.exe
  NexoraPlayInputSettingsTests.vcxproj -> G:\proj\Nexora\build\windows-showcase-development\bin\Development\NexoraPlayInputSettingsTests.exe
  NexoraAdditiveSceneTests.vcxproj -> G:\proj\Nexora\build\windows-showcase-development\bin\Development\NexoraAdditiveSceneTests.exe
  ParserRobustnessTests.cpp
  NexoraMeshAssetCatalogTests.vcxproj -> G:\proj\Nexora\build\windows-showcase-development\bin\Development\NexoraMeshAssetCatalogTests.exe
  NexoraSceneFileTests.vcxproj -> G:\proj\Nexora\build\windows-showcase-development\bin\Development\NexoraSceneFileTests.exe
  MeshReimportTests.cpp
  MeshImportTests.cpp
  NexoraTransformValueTests.vcxproj -> G:\proj\Nexora\build\windows-showcase-development\bin\Development\NexoraTransformValueTests.exe
  NexoraWorkspaceBudgetTests.vcxproj -> G:\proj\Nexora\build\windows-showcase-development\bin\Development\NexoraWorkspaceBudgetTests.exe
  Building Custom Rule G:/proj/Nexora/Tests/Editor/CMakeLists.txt
  Building Custom Rule G:/proj/Nexora/Tests/Editor/CMakeLists.txt
  ProcessMemoryProfileTests.cpp
  MaterialImportTests.cpp
  NexoraProcessMemoryProfileTests.vcxproj -> G:\proj\Nexora\build\windows-showcase-development\bin\Development\NexoraProcessMemoryProfileTests.exe
SceneRuntimeCaptureTests.obj : error LNK2019: 在函式 "__declspec(dllimport) public: class std::optional<struct nexora::editor::SceneDocument::RuntimeSceneCapture> __cdecl nexora::editor::SceneDocument::CaptureRuntimeScene(class std::basic_string<char,struct std::char_traits<char>,class std::allocator<char> > *)const " (__imp_?CaptureRuntimeScene@SceneDocument@editor@nexora@@QEBA?AV?$optional@URuntimeSceneCapture@SceneDocument@editor@nexora@@@std@@PEAV?$basic_string@DU?$char_traits@D@std@@V?$allocator@D@2@@5@@Z)"void __cdecl `anonymous namespace'::VerifyOwnershipAndHistory(class std::filesystem::path const &)" (?VerifyOwnershipAndHistory@?A0xbb1ce268@@YAXAEBVpath@filesystem@std@@@Z) 中參考了無法解析的外部符號 [G:\proj\Nexora\build\windows-showcase-development\Tests\Editor\NexoraSceneRuntimeCaptureTests.vcxproj]
G:\proj\Nexora\build\windows-showcase-development\bin\Development\NexoraSceneRuntimeCaptureTests.exe : fatal error LNK1120: 1 個無法解析的外部符號 [G:\proj\Nexora\build\windows-showcase-development\Tests\Editor\NexoraSceneRuntimeCaptureTests.vcxproj]
  NexoraMeshImportTests.vcxproj -> G:\proj\Nexora\build\windows-showcase-development\bin\Development\NexoraMeshImportTests.exe
  EditorTests.cpp
  NexoraParserRobustnessTests.vcxproj -> G:\proj\Nexora\build\windows-showcase-development\bin\Development\NexoraParserRobustnessTests.exe
  NexoraEditorShaderTests.vcxproj -> G:\proj\Nexora\build\windows-showcase-development\bin\Development\NexoraEditorShaderTests.exe
  NexoraMeshReimportTests.vcxproj -> G:\proj\Nexora\build\windows-showcase-development\bin\Development\NexoraMeshReimportTests.exe
  ComponentResetTests.cpp
  Building Custom Rule G:/proj/Nexora/Tests/Editor/CMakeLists.txt
  AffineGizmoTests.cpp
  MaterialCatalogTests.cpp
  main.cpp
  NexoraEditorComponentResetTests.vcxproj -> G:\proj\Nexora\build\windows-showcase-development\bin\Development\NexoraEditorComponentResetTests.exe
  NexoraMaterialImportTests.vcxproj -> G:\proj\Nexora\build\windows-showcase-development\bin\Development\NexoraMaterialImportTests.exe
  NexoraEditorAffineGizmoTests.vcxproj -> G:\proj\Nexora\build\windows-showcase-development\bin\Development\NexoraEditorAffineGizmoTests.exe
  NexoraMaterialCatalogTests.vcxproj -> G:\proj\Nexora\build\windows-showcase-development\bin\Development\NexoraMaterialCatalogTests.exe
  Building Custom Rule G:/proj/Nexora/Tests/Editor/CMakeLists.txt
  NexoraEditor.vcxproj -> G:\proj\Nexora\build\windows-showcase-development\bin\Development\NexoraEditor.exe
  InspectorBatchTests.cpp
  ViewportMathTests.cpp
  BuiltinCreationTests.cpp
  NexoraEditorTests.vcxproj -> G:\proj\Nexora\build\windows-showcase-development\bin\Development\NexoraEditorTests.exe
  AutosaveJournalTests.cpp
  AssetSourceTests.cpp
  NexoraEditorViewportMathTests.vcxproj -> G:\proj\Nexora\build\windows-showcase-development\bin\Development\NexoraEditorViewportMathTests.exe
  NexoraBuiltinCreationTests.vcxproj -> G:\proj\Nexora\build\windows-showcase-development\bin\Development\NexoraBuiltinCreationTests.exe
  NexoraAutosaveJournalTests.vcxproj -> G:\proj\Nexora\build\windows-showcase-development\bin\Development\NexoraAutosaveJournalTests.exe
  NexoraInspectorBatchTests.vcxproj -> G:\proj\Nexora\build\windows-showcase-development\bin\Development\NexoraInspectorBatchTests.exe
  NexoraAssetSourceTests.vcxproj -> G:\proj\Nexora\build\windows-showcase-development\bin\Development\NexoraAssetSourceTests.exe
