[1/78] Building CXX object Engine/Foundation/CMakeFiles/NexoraFoundation.dir/src/BuildInfo.cpp.o
[2/78] Linking CXX shared library Engine/Foundation/libNexoraFoundation.so
[3/78] Linking CXX executable Tests/Foundation/NexoraGameplayAbiTests
[4/78] Linking CXX shared module Tests/Runtime/libNexoraDynamicGameplayFirst.so
[5/78] Linking CXX shared module Plugins/Example/libNexoraExamplePlugin.so
[6/78] Linking CXX shared module Tests/Runtime/libNexoraDynamicGameplaySecond.so
[7/78] Linking CXX executable Tests/API/NexoraApiFoundationTests
[8/78] Linking CXX shared module Tests/Runtime/libNexoraDynamicGameplayFailing.so
[9/78] Linking CXX executable Tests/Foundation/NexoraFoundationTests
[10/78] Linking CXX shared library Engine/Core/libNexoraCore.so
[11/78] Linking CXX shared library Engine/RHI/libNexoraRHI.so
[12/78] Linking CXX executable Tests/Core/NexoraCoreTests
[13/78] Linking CXX executable Samples/Api/NexoraApiFoundationSample
[14/78] Linking CXX shared library Engine/Window/libNexoraWindow.so
[15/78] Linking CXX shared library Engine/Network/libNexoraNetwork.so
[16/78] Linking CXX shared library Engine/AI/libNexoraAI.so
[17/78] Linking CXX shared library Engine/Renderer/libNexoraRenderer.so
[18/78] Linking CXX executable Apps/DedicatedServer/NexoraDedicatedServer
[19/78] Linking CXX executable Tests/Core/NexoraV2M11Tests
[20/78] Linking CXX shared library Engine/Presentation/libNexoraPresentation.so
[21/78] Linking CXX executable Tests/API/NexoraApiCoreContractTests
[22/78] Linking CXX executable Tests/AI/NexoraV2M7Tests
[23/78] Linking CXX executable Tests/Network/NexoraNetworkTests
[24/78] Linking CXX executable Tests/WindowPresentation/NexoraVulkanSceneTests
[25/78] Linking CXX executable Tests/WindowPresentation/NexoraVulkanSceneUploadTests
[26/78] Linking CXX executable Tests/Renderer/NexoraRendererTests
[27/78] Linking CXX executable Tests/WindowPresentation/NexoraWindowPresentationTests
[28/78] Linking CXX executable Tests/WindowPresentation/NexoraSceneInstanceTests
[29/78] Linking CXX executable Tests/WindowPresentation/NexoraVulkanPbrTests
[30/78] Linking CXX executable Tests/Renderer/NexoraSceneFrameTests
[31/78] Linking CXX shared library Engine/Runtime/libNexoraRuntime.so
[32/78] Linking CXX executable Tests/Renderer/NexoraMaterialTests
[33/78] Linking CXX executable Tests/Renderer/NexoraGoldenImageTests
[34/78] Linking CXX executable Tests/Renderer/NexoraGPUSceneTests
[35/78] Linking CXX executable Tests/Renderer/NexoraGPUDrivenTests
[36/78] Linking CXX shared library Engine/AIIntegration/libNexoraAIIntegration.so
[37/78] Linking CXX executable Tests/Renderer/NexoraShaderReflectionContractTests
[38/78] Linking CXX executable Apps/Host/NexoraHost
[39/78] Linking CXX executable Tests/Renderer/NexoraVulkanGoldenTests
[40/78] Linking CXX executable Tests/Runtime/NexoraShaderRuntimeTests
[41/78] Linking CXX executable Tests/Runtime/NexoraRuntimeTests
[42/78] Linking CXX executable Gameplay/Zig/NexoraZigGameplayTests
[43/78] Linking CXX shared library Engine/Editor/libNexoraEditorCore.so
[44/78] Linking CXX executable Tests/Runtime/NexoraTransformTests
[45/78] Linking CXX executable Tests/Runtime/NexoraGameWorldTests
[46/78] Linking CXX executable Apps/Editor/NexoraEditor
[47/78] Linking CXX executable Apps/Showcase/NexoraShowcaseRoomTests
[48/78] Linking CXX executable Tests/Runtime/NexoraGameplayHostBridgeTests
[49/78] Linking CXX executable Tests/Runtime/NexoraRenderSyncTests
[50/78] Linking CXX executable Tests/Runtime/NexoraV1M12Tests
[51/78] Linking CXX executable Tests/Runtime/NexoraV2M12Tests
[52/78] Linking CXX executable Tests/Runtime/NexoraV1M8Tests
[53/78] Linking CXX executable Tests/Runtime/NexoraParentingTests
[54/78] Linking CXX executable Tests/Runtime/NexoraV1M7Tests
[55/78] Linking CXX executable Tests/Runtime/NexoraAIIntentAdapterTests
[56/78] Linking CXX executable Apps/Showcase/NexoraShowcase
[57/78] Linking CXX executable Tests/Runtime/NexoraV1M9Tests
[58/78] Linking CXX executable Tests/Runtime/NexoraV1M11Tests
[59/78] Linking CXX executable Tests/Runtime/NexoraV1M10Tests
[60/78] Linking CXX executable Tests/Runtime/NexoraGameplayModuleHostTests
[61/78] Linking CXX executable Tests/Runtime/NexoraV2M9Tests
[62/78] Linking CXX executable Tests/Runtime/NexoraV1M4Tests
[63/78] Linking CXX executable Tests/Runtime/NexoraDynamicGameplayModuleTests
[64/78] Linking CXX executable Tests/Runtime/NexoraV1M6Tests
[65/78] Linking CXX executable Tests/Runtime/NexoraBundleMountTests
[66/78] Linking CXX executable Tests/Editor/NexoraEditorViewportMathTests
[67/78] Linking CXX executable Tests/Editor/NexoraMeshImportTests
[68/78] Linking CXX executable Tests/Runtime/NexoraV1M5Tests
[69/78] Linking CXX executable Tests/Editor/NexoraEditorShaderTests
[70/78] Linking CXX executable Tests/Editor/NexoraMeshAssetCatalogTests
[71/78] Linking CXX executable Tests/Editor/NexoraEditorTests
[72/78] Linking CXX executable Tests/Editor/NexoraMeshReimportTests
[73/78] Linking CXX executable Tests/Editor/NexoraParserRobustnessTests
[74/78] Linking CXX executable Tests/Editor/NexoraEditorAffineGizmoTests
[75/78] Linking CXX executable Tests/Editor/NexoraEditorComponentResetTests
[76/78] Linking CXX executable Tests/Editor/NexoraSceneFileTests
[77/78] Linking CXX executable Tests/Editor/NexoraBuiltinCreationTests
[78/78] Linking CXX executable Tests/Editor/NexoraTransformValueTests
