[1/86] Building CXX object Engine/Foundation/CMakeFiles/NexoraFoundation.dir/src/BuildInfo.cpp.o
[2/86] Linking CXX shared library Engine/Foundation/libNexoraFoundation.so
[3/86] Linking CXX shared library Engine/Core/libNexoraCore.so
[4/86] Linking CXX shared library Engine/RHI/libNexoraRHI.so
[5/86] Linking CXX shared library Engine/Renderer/libNexoraRenderer.so
[6/86] Linking CXX shared library Engine/AI/libNexoraAI.so
[7/86] Linking CXX shared library Engine/Window/libNexoraWindow.so
[8/86] Linking CXX shared library Engine/Runtime/libNexoraRuntime.so
[9/86] Linking CXX shared module Plugins/Example/libNexoraExamplePlugin.so
[10/86] Linking CXX shared library Engine/Animation/libNexoraAnimation.so
[11/86] Linking CXX shared library Engine/PoseSearch/libNexoraPoseSearch.so
[12/86] Linking CXX shared library Engine/Network/libNexoraNetwork.so
[13/86] Linking CXX shared library Engine/Presentation/libNexoraPresentation.so
[14/86] Linking CXX shared library Engine/AIIntegration/libNexoraAIIntegration.so
[15/86] Linking CXX shared library Engine/Editor/libNexoraEditorCore.so
[16/86] Building CXX object Tests/Animation/CMakeFiles/NexoraAnimationTests.dir/PoseTests.cpp.o
[17/86] Linking CXX executable Samples/Api/NexoraApiFoundationSample
[18/86] Linking CXX executable Apps/Editor/NexoraEditor
[19/86] Linking CXX executable Apps/Host/NexoraHost
[20/86] Linking CXX executable Apps/DedicatedServer/NexoraDedicatedServer
[21/86] Linking CXX executable Gameplay/Zig/NexoraZigGameplayTests
[22/86] Linking CXX executable Apps/Showcase/NexoraShowcase
[23/86] Linking CXX executable Apps/Showcase/NexoraShowcaseRoomTests
[24/86] Linking CXX executable Tests/Foundation/NexoraFoundationTests
[25/86] Linking CXX executable Tests/Foundation/NexoraGameplayAbiTests
[26/86] Linking CXX executable Tests/Core/NexoraCoreTests
[27/86] Linking CXX executable Tests/Core/NexoraV2M11Tests
[28/86] Linking CXX executable Tests/AI/NexoraV2M7Tests
[29/86] Linking CXX executable Tests/PoseSearch/NexoraPoseSearchTests
[30/86] Linking CXX executable Tests/Animation/NexoraAnimationTests
[31/86] Linking CXX executable Tests/Network/NexoraNetworkTests
[32/86] Linking CXX executable Tests/WindowPresentation/NexoraWindowPresentationTests
[33/86] Linking CXX executable Tests/WindowPresentation/NexoraSceneInstanceTests
[34/86] Linking CXX executable Tests/WindowPresentation/NexoraVulkanSceneTests
[35/86] Linking CXX executable Tests/WindowPresentation/NexoraVulkanPbrTests
[36/86] Linking CXX executable Tests/WindowPresentation/NexoraVulkanSceneUploadTests
[37/86] Linking CXX executable Tests/API/NexoraApiFoundationTests
[38/86] Linking CXX executable Tests/API/NexoraApiCoreContractTests
[39/86] Linking CXX executable Tests/Renderer/NexoraRendererTests
[40/86] Linking CXX executable Tests/Renderer/NexoraSceneFrameTests
[41/86] Linking CXX executable Tests/Renderer/NexoraMaterialTests
[42/86] Linking CXX executable Tests/Renderer/NexoraGoldenImageTests
[43/86] Linking CXX executable Tests/Renderer/NexoraGPUSceneTests
[44/86] Linking CXX executable Tests/Renderer/NexoraGPUDrivenTests
[45/86] Linking CXX executable Tests/Renderer/NexoraShaderReflectionContractTests
[46/86] Linking CXX executable Tests/Renderer/NexoraVulkanGoldenTests
[47/86] Linking CXX executable Tests/Runtime/NexoraShaderRuntimeTests
[48/86] Linking CXX executable Tests/Runtime/NexoraRuntimeTests
[49/86] Linking CXX executable Tests/Runtime/NexoraGameWorldTests
[50/86] Linking CXX executable Tests/Runtime/NexoraTransformTests
[51/86] Linking CXX executable Tests/Runtime/NexoraParentingTests
[52/86] Linking CXX executable Tests/Runtime/NexoraRenderSyncTests
[53/86] Linking CXX executable Tests/Runtime/NexoraGameplayHostBridgeTests
[54/86] Linking CXX executable Tests/Runtime/NexoraV1M12Tests
[55/86] Linking CXX executable Tests/Runtime/NexoraV2M12Tests
[56/86] Linking CXX executable Tests/Runtime/NexoraV1M7Tests
[57/86] Linking CXX executable Tests/Runtime/NexoraV1M8Tests
[58/86] Linking CXX executable Tests/Runtime/NexoraAIIntentAdapterTests
[59/86] Linking CXX executable Tests/Runtime/NexoraV1M10Tests
[60/86] Linking CXX executable Tests/Runtime/NexoraV1M11Tests
[61/86] Linking CXX executable Tests/Runtime/NexoraV1M9Tests
[62/86] Linking CXX executable Tests/Runtime/NexoraV2M9Tests
[63/86] Linking CXX executable Tests/Runtime/NexoraV1M4Tests
[64/86] Linking CXX executable Tests/Runtime/NexoraGameplayModuleHostTests
[65/86] Linking CXX shared module Tests/Runtime/libNexoraDynamicGameplayFirst.so
[66/86] Linking CXX shared module Tests/Runtime/libNexoraDynamicGameplaySecond.so
[67/86] Linking CXX shared module Tests/Runtime/libNexoraDynamicGameplayFailing.so
[68/86] Linking CXX executable Tests/Runtime/NexoraDynamicGameplayModuleTests
[69/86] Linking CXX executable Tests/Runtime/NexoraV1M5Tests
[70/86] Linking CXX executable Tests/Runtime/NexoraBundleMountTests
[71/86] Linking CXX executable Tests/Runtime/NexoraV1M6Tests
[72/86] Linking CXX executable Tests/Editor/NexoraEditorShaderTests
[73/86] Linking CXX executable Tests/Editor/NexoraEditorTests
[74/86] Linking CXX executable Tests/Editor/NexoraAutosaveJournalTests
[75/86] Linking CXX executable Tests/Editor/NexoraWorkspaceBudgetTests
[76/86] Linking CXX executable Tests/Editor/NexoraEditorViewportMathTests
[77/86] Linking CXX executable Tests/Editor/NexoraMeshImportTests
[78/86] Linking CXX executable Tests/Editor/NexoraAssetSourceTests
[79/86] Linking CXX executable Tests/Editor/NexoraMeshAssetCatalogTests
[80/86] Linking CXX executable Tests/Editor/NexoraMeshReimportTests
[81/86] Linking CXX executable Tests/Editor/NexoraParserRobustnessTests
[82/86] Linking CXX executable Tests/Editor/NexoraEditorAffineGizmoTests
[83/86] Linking CXX executable Tests/Editor/NexoraEditorComponentResetTests
[84/86] Linking CXX executable Tests/Editor/NexoraTransformValueTests
[85/86] Linking CXX executable Tests/Editor/NexoraBuiltinCreationTests
[86/86] Linking CXX executable Tests/Editor/NexoraSceneFileTests
