{
  "scope": "Linux Xvfb actual Vulkan application/video; software GPU is not target hardware",
  "command": [
    "/workspace/Nexora-vis-courtyard-fill/build/linux-showcase-shipping/package/NexoraShowcase-Shipping/bin/NexoraShowcase",
    "--tour=visual",
    "--backend=vulkan",
    "--clean-view",
    "--vsync=off",
    "--no-reload",
    "--gameplay-module=static",
    "--report=/tmp/solar-elevation-shipping-tour/tour.json",
    "--quality=standard"
  ],
  "build": {
    "engine_version": "0.1.0",
    "build_id": "be4fb04edf38",
    "abi_version": 1,
    "configuration": "Shipping",
    "link_mode": "Monolithic"
  },
  "wall_seconds": 101.15216551197227,
  "video": {
    "programs": [],
    "stream_groups": [],
    "streams": [
      {
        "codec_name": "h264",
        "width": 1280,
        "height": 720
      }
    ],
    "format": {
      "duration": "100.733333"
    }
  },
  "software_rasterizer": true,
  "physical_display_verified": false,
  "executable_sha256": "26b4eb323729e330507db09d5f1c8c1c4334120ea0890c96aba5a66c2ad907b3",
  "video_sha256": "10c35f18f1698a530d28ca0a076703bc9a8d39ffe8baa26630ba81c7fbe6db10",
  "tour_seconds": 100,
  "overlay_frames": 0
}
