[1/81] Building CXX object Engine/Foundation/CMakeFiles/NexoraFoundation.dir/src/BuildInfo.cpp.o
[2/81] Linking CXX shared library Engine/Foundation/libNexoraFoundation.so
[3/81] Linking CXX shared library Engine/Core/libNexoraCore.so
[4/81] Linking CXX shared library Engine/RHI/libNexoraRHI.so
[5/81] Linking CXX shared library Engine/Renderer/libNexoraRenderer.so
[6/81] Linking CXX shared library Engine/AI/libNexoraAI.so
[7/81] Linking CXX shared library Engine/Window/libNexoraWindow.so
[8/81] Linking CXX shared library Engine/Runtime/libNexoraRuntime.so
[9/81] Linking CXX shared module Plugins/Example/libNexoraExamplePlugin.so
[10/81] Linking CXX shared library Engine/Network/libNexoraNetwork.so
[11/81] Linking CXX shared library Engine/Presentation/libNexoraPresentation.so
[12/81] Linking CXX shared library Engine/AIIntegration/libNexoraAIIntegration.so
[13/81] Linking CXX shared library Engine/Editor/libNexoraEditorCore.so
[14/81] Linking CXX executable Samples/Api/NexoraApiFoundationSample
[15/81] Linking CXX executable Apps/Editor/NexoraEditor
[16/81] Linking CXX executable Apps/Host/NexoraHost
[17/81] Linking CXX executable Apps/DedicatedServer/NexoraDedicatedServer
[18/81] Linking CXX executable Gameplay/Zig/NexoraZigGameplayTests
[19/81] Linking CXX executable Apps/Showcase/NexoraShowcase
[20/81] Linking CXX executable Apps/Showcase/NexoraShowcaseRoomTests
[21/81] Linking CXX executable Tests/Foundation/NexoraFoundationTests
[22/81] Linking CXX executable Tests/Foundation/NexoraGameplayAbiTests
[23/81] Linking CXX executable Tests/Core/NexoraCoreTests
[24/81] Linking CXX executable Tests/Core/NexoraV2M11Tests
[25/81] Linking CXX executable Tests/AI/NexoraV2M7Tests
[26/81] Linking CXX executable Tests/Network/NexoraNetworkTests
[27/81] Linking CXX executable Tests/WindowPresentation/NexoraWindowPresentationTests
[28/81] Linking CXX executable Tests/WindowPresentation/NexoraSceneInstanceTests
[29/81] Linking CXX executable Tests/WindowPresentation/NexoraVulkanSceneTests
[30/81] Linking CXX executable Tests/WindowPresentation/NexoraVulkanPbrTests
[31/81] Linking CXX executable Tests/WindowPresentation/NexoraVulkanSceneUploadTests
[32/81] Linking CXX executable Tests/API/NexoraApiFoundationTests
[33/81] Linking CXX executable Tests/API/NexoraApiCoreContractTests
[34/81] Linking CXX executable Tests/Renderer/NexoraRendererTests
[35/81] Linking CXX executable Tests/Renderer/NexoraSceneFrameTests
[36/81] Linking CXX executable Tests/Renderer/NexoraMaterialTests
[37/81] Linking CXX executable Tests/Renderer/NexoraGoldenImageTests
[38/81] Linking CXX executable Tests/Renderer/NexoraGPUSceneTests
[39/81] Linking CXX executable Tests/Renderer/NexoraGPUDrivenTests
[40/81] Linking CXX executable Tests/Renderer/NexoraShaderReflectionContractTests
[41/81] Linking CXX executable Tests/Renderer/NexoraVulkanGoldenTests
[42/81] Linking CXX executable Tests/Runtime/NexoraShaderRuntimeTests
[43/81] Linking CXX executable Tests/Runtime/NexoraRuntimeTests
[44/81] Linking CXX executable Tests/Runtime/NexoraGameWorldTests
[45/81] Linking CXX executable Tests/Runtime/NexoraTransformTests
[46/81] Linking CXX executable Tests/Runtime/NexoraParentingTests
[47/81] Linking CXX executable Tests/Runtime/NexoraRenderSyncTests
[48/81] Linking CXX executable Tests/Runtime/NexoraGameplayHostBridgeTests
[49/81] Linking CXX executable Tests/Runtime/NexoraV1M12Tests
[50/81] Linking CXX executable Tests/Runtime/NexoraV2M12Tests
[51/81] Linking CXX executable Tests/Runtime/NexoraV1M7Tests
[52/81] Linking CXX executable Tests/Runtime/NexoraV1M8Tests
[53/81] Linking CXX executable Tests/Runtime/NexoraAIIntentAdapterTests
[54/81] Linking CXX executable Tests/Runtime/NexoraV1M10Tests
[55/81] Linking CXX executable Tests/Runtime/NexoraV1M11Tests
[56/81] Linking CXX executable Tests/Runtime/NexoraV1M9Tests
[57/81] Linking CXX executable Tests/Runtime/NexoraV2M9Tests
[58/81] Linking CXX executable Tests/Runtime/NexoraV1M4Tests
[59/81] Linking CXX executable Tests/Runtime/NexoraGameplayModuleHostTests
[60/81] Linking CXX shared module Tests/Runtime/libNexoraDynamicGameplayFirst.so
[61/81] Linking CXX shared module Tests/Runtime/libNexoraDynamicGameplaySecond.so
[62/81] Linking CXX shared module Tests/Runtime/libNexoraDynamicGameplayFailing.so
[63/81] Linking CXX executable Tests/Runtime/NexoraDynamicGameplayModuleTests
[64/81] Linking CXX executable Tests/Runtime/NexoraV1M5Tests
[65/81] Linking CXX executable Tests/Runtime/NexoraBundleMountTests
[66/81] Linking CXX executable Tests/Runtime/NexoraV1M6Tests
[67/81] Linking CXX executable Tests/Editor/NexoraEditorShaderTests
[68/81] Linking CXX executable Tests/Editor/NexoraEditorTests
[69/81] Linking CXX executable Tests/Editor/NexoraAutosaveJournalTests
[70/81] Linking CXX executable Tests/Editor/NexoraWorkspaceBudgetTests
[71/81] Linking CXX executable Tests/Editor/NexoraEditorViewportMathTests
[72/81] Linking CXX executable Tests/Editor/NexoraMeshImportTests
[73/81] Linking CXX executable Tests/Editor/NexoraAssetSourceTests
[74/81] Linking CXX executable Tests/Editor/NexoraMeshAssetCatalogTests
[75/81] Linking CXX executable Tests/Editor/NexoraMeshReimportTests
[76/81] Linking CXX executable Tests/Editor/NexoraParserRobustnessTests
[77/81] Linking CXX executable Tests/Editor/NexoraEditorAffineGizmoTests
[78/81] Linking CXX executable Tests/Editor/NexoraEditorComponentResetTests
[79/81] Linking CXX executable Tests/Editor/NexoraTransformValueTests
[80/81] Linking CXX executable Tests/Editor/NexoraBuiltinCreationTests
[81/81] Linking CXX executable Tests/Editor/NexoraSceneFileTests
