{
  "scope": "Linux Xvfb actual Vulkan application/video; software GPU is not target hardware",
  "command": [
    "/workspace/Nexora-vis-courtyard-fill/build/linux-showcase-shipping/package/NexoraShowcase-Shipping/bin/NexoraShowcase",
    "--tour=visual",
    "--backend=vulkan",
    "--clean-view",
    "--vsync=off",
    "--no-reload",
    "--gameplay-module=static",
    "--report=/tmp/courtyard-focus-clarity-shipping-tour/tour.json",
    "--quality=standard"
  ],
  "build": {
    "engine_version": "0.1.0",
    "build_id": "37b40b800594",
    "abi_version": 1,
    "configuration": "Shipping",
    "link_mode": "Monolithic"
  },
  "wall_seconds": 100.9621591239993,
  "video": {
    "programs": [],
    "stream_groups": [],
    "streams": [
      {
        "codec_name": "h264",
        "width": 1280,
        "height": 720
      }
    ],
    "format": {
      "duration": "100.400000"
    }
  },
  "software_rasterizer": true,
  "physical_display_verified": false,
  "executable_sha256": "709b6cf8e5e7d32f06e395f3bc5f2487070ee6a8333cd432ea35bfa8b022cf8e",
  "video_sha256": "2dd08deb4b757c53dc38bc9cb2b2a82d77166662fcabee603e86876210922cf4",
  "tour_seconds": 100,
  "overlay_frames": 0
}
