{
  "scope": "Linux Xvfb actual Vulkan application/video; software GPU is not target hardware",
  "command": [
    "/workspace/Nexora-vis-crystal-facets/build/linux-showcase-shipping/package/NexoraShowcase-Shipping/bin/NexoraShowcase",
    "--tour=visual",
    "--backend=vulkan",
    "--clean-view",
    "--vsync=off",
    "--no-reload",
    "--gameplay-module=static",
    "--report=/tmp/crystal-facets-shipping-tour/tour.json",
    "--quality=standard"
  ],
  "build": {
    "engine_version": "0.1.0",
    "build_id": "4a0b23c1a6aa",
    "abi_version": 1,
    "configuration": "Shipping",
    "link_mode": "Monolithic"
  },
  "wall_seconds": 100.62978935000137,
  "video": {
    "programs": [],
    "stream_groups": [],
    "streams": [
      {
        "codec_name": "h264",
        "width": 1280,
        "height": 720
      }
    ],
    "format": {
      "duration": "100.266667"
    }
  },
  "software_rasterizer": true,
  "physical_display_verified": false,
  "executable_sha256": "2116cee1fcec7aab624f79331ceb54c01f97067016df59b2ed642b0011bb42f3",
  "video_sha256": "27e09df8a7e97dca5db79bd8348e1d2d8cc97d96e04f4116de317e1bc2fd04ca",
  "tour_seconds": 100,
  "overlay_frames": 0
}
