{
  "scope": "Linux Xvfb actual Vulkan application/video; software GPU is not target hardware",
  "command": [
    "/workspace/Nexora-vis-stone-mipmaps/build/linux-showcase-shipping/package/NexoraShowcase-Shipping/bin/NexoraShowcase",
    "--tour=visual",
    "--backend=vulkan",
    "--clean-view",
    "--vsync=off",
    "--no-reload",
    "--gameplay-module=static",
    "--report=/tmp/mipmap-sync-shipping-tour/tour.json",
    "--quality=standard"
  ],
  "build": {
    "engine_version": "0.1.0",
    "build_id": "0c9513a2a3e7",
    "abi_version": 1,
    "configuration": "Shipping",
    "link_mode": "Monolithic"
  },
  "wall_seconds": 100.63716926200141,
  "video": {
    "programs": [],
    "stream_groups": [],
    "streams": [
      {
        "codec_name": "h264",
        "width": 1280,
        "height": 720
      }
    ],
    "format": {
      "duration": "100.333333"
    }
  },
  "software_rasterizer": true,
  "physical_display_verified": false,
  "executable_sha256": "0ecf329d26c1a9b8355a61d734db47411c00b6c8b8bf97317c60a8c3064336d0",
  "video_sha256": "d9d15a760958a74929f193852907d69d4b38afb3eab327a117d83d38fec6142e",
  "tour_seconds": 100,
  "overlay_frames": 0
}
