.NET Framework 的 MSBuild 版本 17.14.40+3e7442088

  Checking File Globs
  BuildInfo.cpp
  NexoraFoundation.vcxproj -> G:\proj\Nexora\build\windows-showcase-development\bin\Development\NexoraFoundation.dll
  NexoraDynamicGameplayFirst.vcxproj -> G:\proj\Nexora\build\windows-showcase-development\Tests\Runtime\Development\NexoraDynamicGameplayFirst.dll
  NexoraDynamicGameplaySecond.vcxproj -> G:\proj\Nexora\build\windows-showcase-development\Tests\Runtime\Development\NexoraDynamicGameplaySecond.dll
  NexoraDynamicGameplayFailing.vcxproj -> G:\proj\Nexora\build\windows-showcase-development\Tests\Runtime\Development\NexoraDynamicGameplayFailing.dll
  NexoraExamplePlugin.vcxproj -> G:\proj\Nexora\build\windows-showcase-development\Plugins\Example\Development\NexoraExamplePlugin.dll
  NexoraCore.vcxproj -> G:\proj\Nexora\build\windows-showcase-development\bin\Development\NexoraCore.dll
  NexoraApiFoundationTests.vcxproj -> G:\proj\Nexora\build\windows-showcase-development\bin\Development\NexoraApiFoundationTests.exe
  NexoraApiM6CConsumer.vcxproj -> G:\proj\Nexora\build\windows-showcase-development\bin\Development\NexoraApiM6CConsumer.exe
  NexoraAnimation.vcxproj -> G:\proj\Nexora\build\windows-showcase-development\bin\Development\NexoraAnimation.dll
  NexoraRHI.vcxproj -> G:\proj\Nexora\build\windows-showcase-development\bin\Development\NexoraRHI.dll
  NexoraApiCoreContractTests.vcxproj -> G:\proj\Nexora\build\windows-showcase-development\bin\Development\NexoraApiCoreContractTests.exe
  NexoraCoreTests.vcxproj -> G:\proj\Nexora\build\windows-showcase-development\bin\Development\NexoraCoreTests.exe
  NexoraAI.vcxproj -> G:\proj\Nexora\build\windows-showcase-development\bin\Development\NexoraAI.dll
  NexoraApiFoundationSample.vcxproj -> G:\proj\Nexora\build\windows-showcase-development\bin\Development\NexoraApiFoundationSample.exe
  NexoraAsyncLogStreamTests.vcxproj -> G:\proj\Nexora\build\windows-showcase-development\bin\Development\NexoraAsyncLogStreamTests.exe
  NexoraWindow.vcxproj -> G:\proj\Nexora\build\windows-showcase-development\bin\Development\NexoraWindow.dll
  NexoraNetwork.vcxproj -> G:\proj\Nexora\build\windows-showcase-development\bin\Development\NexoraNetwork.dll
  NexoraDedicatedServer.vcxproj -> G:\proj\Nexora\build\windows-showcase-development\bin\Development\NexoraDedicatedServer.exe
  NexoraFoundationTests.vcxproj -> G:\proj\Nexora\build\windows-showcase-development\bin\Development\NexoraFoundationTests.exe
  NexoraAnimationTests.vcxproj -> G:\proj\Nexora\build\windows-showcase-development\bin\Development\NexoraAnimationTests.exe
  NexoraRenderer.vcxproj -> G:\proj\Nexora\build\windows-showcase-development\bin\Development\NexoraRenderer.dll
  NexoraGameplayAbiTests.vcxproj -> G:\proj\Nexora\build\windows-showcase-development\bin\Development\NexoraGameplayAbiTests.exe
  NexoraGoldenImageTests.vcxproj -> G:\proj\Nexora\build\windows-showcase-development\bin\Development\NexoraGoldenImageTests.exe
  VulkanSurface.cpp
  NexoraGPUDrivenTests.vcxproj -> G:\proj\Nexora\build\windows-showcase-development\bin\Development\NexoraGPUDrivenTests.exe
  NexoraGPUSceneTests.vcxproj -> G:\proj\Nexora\build\windows-showcase-development\bin\Development\NexoraGPUSceneTests.exe
  CookedSceneAssets.cpp
  NexoraInertialBlendTests.vcxproj -> G:\proj\Nexora\build\windows-showcase-development\bin\Development\NexoraInertialBlendTests.exe
  NexoraMaterialTests.vcxproj -> G:\proj\Nexora\build\windows-showcase-development\bin\Development\NexoraMaterialTests.exe
  NexoraNetworkTests.vcxproj -> G:\proj\Nexora\build\windows-showcase-development\bin\Development\NexoraNetworkTests.exe
  NexoraPoseSearch.vcxproj -> G:\proj\Nexora\build\windows-showcase-development\bin\Development\NexoraPoseSearch.dll
  NexoraPoseGraphTests.vcxproj -> G:\proj\Nexora\build\windows-showcase-development\bin\Development\NexoraPoseGraphTests.exe
  NexoraProcessMemoryTests.vcxproj -> G:\proj\Nexora\build\windows-showcase-development\bin\Development\NexoraProcessMemoryTests.exe
  NexoraRendererTests.vcxproj -> G:\proj\Nexora\build\windows-showcase-development\bin\Development\NexoraRendererTests.exe
  NexoraSceneFrameTests.vcxproj -> G:\proj\Nexora\build\windows-showcase-development\bin\Development\NexoraSceneFrameTests.exe
  NexoraShowcasePerformanceTests.vcxproj -> G:\proj\Nexora\build\windows-showcase-development\bin\Development\NexoraShowcasePerformanceTests.exe
  NexoraShowcaseProbes.vcxproj -> G:\proj\Nexora\build\windows-showcase-development\Apps\Showcase\Development\NexoraShowcaseProbes.lib
  NexoraShowcaseProbeTests.vcxproj -> G:\proj\Nexora\build\windows-showcase-development\bin\Development\NexoraShowcaseProbeTests.exe
  NexoraSyncGroupTests.vcxproj -> G:\proj\Nexora\build\windows-showcase-development\bin\Development\NexoraSyncGroupTests.exe
  NexoraPoseSearchTests.vcxproj -> G:\proj\Nexora\build\windows-showcase-development\bin\Development\NexoraPoseSearchTests.exe
  NexoraV2M11Tests.vcxproj -> G:\proj\Nexora\build\windows-showcase-development\bin\Development\NexoraV2M11Tests.exe
  NexoraV2M7Tests.vcxproj -> G:\proj\Nexora\build\windows-showcase-development\bin\Development\NexoraV2M7Tests.exe
  EditorSdk.cpp
  NexoraPresentation.vcxproj -> G:\proj\Nexora\build\windows-showcase-development\bin\Development\NexoraPresentation.dll
  NexoraWindowPresentationTests.vcxproj -> G:\proj\Nexora\build\windows-showcase-development\bin\Development\NexoraWindowPresentationTests.exe
  NexoraDx12PbrTests.vcxproj -> G:\proj\Nexora\build\windows-showcase-development\bin\Development\NexoraDx12PbrTests.exe
  NexoraWindowsVulkanPbrTests.vcxproj -> G:\proj\Nexora\build\windows-showcase-development\bin\Development\NexoraWindowsVulkanPbrTests.exe
  NexoraSceneInstanceTests.vcxproj -> G:\proj\Nexora\build\windows-showcase-development\bin\Development\NexoraSceneInstanceTests.exe
  NexoraGpuTimingTests.vcxproj -> G:\proj\Nexora\build\windows-showcase-development\bin\Development\NexoraGpuTimingTests.exe
  GameWorld.cpp
  GameplayHostBridge.cpp
  GameplaySimulation.cpp
  ProjectPackage.cpp
  RenderSync.cpp
  Runtime.cpp
  正在產生程式碼...
  NexoraRuntime.vcxproj -> G:\proj\Nexora\build\windows-showcase-development\bin\Development\NexoraRuntime.dll
  Building Custom Rule G:/proj/Nexora/Tests/Runtime/CMakeLists.txt
  NexoraV2M9Tests.vcxproj -> G:\proj\Nexora\build\windows-showcase-development\bin\Development\NexoraV2M9Tests.exe
  NexoraV2M12Tests.vcxproj -> G:\proj\Nexora\build\windows-showcase-development\bin\Development\NexoraV2M12Tests.exe
  NexoraV1M7Tests.vcxproj -> G:\proj\Nexora\build\windows-showcase-development\bin\Development\NexoraV1M7Tests.exe
  NexoraV1M11Tests.vcxproj -> G:\proj\Nexora\build\windows-showcase-development\bin\Development\NexoraV1M11Tests.exe
  NexoraV1M10Tests.vcxproj -> G:\proj\Nexora\build\windows-showcase-development\bin\Development\NexoraV1M10Tests.exe
  NexoraV1M9Tests.vcxproj -> G:\proj\Nexora\build\windows-showcase-development\bin\Development\NexoraV1M9Tests.exe
  NexoraV1M5Tests.vcxproj -> G:\proj\Nexora\build\windows-showcase-development\bin\Development\NexoraV1M5Tests.exe
  V1M4Tests.cpp
  WorldIdentityTests.cpp
  NexoraV1M12Tests.vcxproj -> G:\proj\Nexora\build\windows-showcase-development\bin\Development\NexoraV1M12Tests.exe
  V1M8Tests.cpp
  TransformTests.cpp
  RuntimeTests.cpp
  RuntimeConsoleTests.cpp
  RenderSyncTests.cpp
  NexoraRuntimeTests.vcxproj -> G:\proj\Nexora\build\windows-showcase-development\bin\Development\NexoraRuntimeTests.exe
  NexoraV1M4Tests.vcxproj -> G:\proj\Nexora\build\windows-showcase-development\bin\Development\NexoraV1M4Tests.exe
  ProjectPackageTests.cpp
  IntentAdapter.cpp
  NexoraWorldIdentityTests.vcxproj -> G:\proj\Nexora\build\windows-showcase-development\bin\Development\NexoraWorldIdentityTests.exe
  NexoraRuntimeConsoleTests.vcxproj -> G:\proj\Nexora\build\windows-showcase-development\bin\Development\NexoraRuntimeConsoleTests.exe
  NexoraV1M8Tests.vcxproj -> G:\proj\Nexora\build\windows-showcase-development\bin\Development\NexoraV1M8Tests.exe
  ParentingTests.cpp
  ShowcaseRooms.cpp
  NexoraHost.vcxproj -> G:\proj\Nexora\build\windows-showcase-development\bin\Development\NexoraHost.exe
  NexoraBundleMountTests.vcxproj -> G:\proj\Nexora\build\windows-showcase-development\bin\Development\NexoraBundleMountTests.exe
  NexoraGameplayModuleHostTests.vcxproj -> G:\proj\Nexora\build\windows-showcase-development\bin\Development\NexoraGameplayModuleHostTests.exe
  GameplayHostBridgeTests.cpp
  NexoraAIIntegration.vcxproj -> G:\proj\Nexora\build\windows-showcase-development\bin\Development\NexoraAIIntegration.dll
  AssetImport.cpp
  NexoraRenderSyncTests.vcxproj -> G:\proj\Nexora\build\windows-showcase-development\bin\Development\NexoraRenderSyncTests.exe
  NexoraTransformTests.vcxproj -> G:\proj\Nexora\build\windows-showcase-development\bin\Development\NexoraTransformTests.exe
  NexoraSyncGroupGraphTests.vcxproj -> G:\proj\Nexora\build\windows-showcase-development\bin\Development\NexoraSyncGroupGraphTests.exe
  NexoraShaderRuntimeTests.vcxproj -> G:\proj\Nexora\build\windows-showcase-development\bin\Development\NexoraShaderRuntimeTests.exe
  ZigGameplayTests.cpp
  NexoraProjectPackageTests.vcxproj -> G:\proj\Nexora\build\windows-showcase-development\bin\Development\NexoraProjectPackageTests.exe
  NexoraGameplayHostBridgeTests.vcxproj -> G:\proj\Nexora\build\windows-showcase-development\bin\Development\NexoraGameplayHostBridgeTests.exe
  NexoraDynamicGameplayModuleTests.vcxproj -> G:\proj\Nexora\build\windows-showcase-development\bin\Development\NexoraDynamicGameplayModuleTests.exe
  GameWorldTests.cpp
  NexoraParentingTests.vcxproj -> G:\proj\Nexora\build\windows-showcase-development\bin\Development\NexoraParentingTests.exe
  V1M6Tests.cpp
  ShowcaseRooms.cpp
  NexoraV1M6Tests.vcxproj -> G:\proj\Nexora\build\windows-showcase-development\bin\Development\NexoraV1M6Tests.exe
  NexoraGameWorldTests.vcxproj -> G:\proj\Nexora\build\windows-showcase-development\bin\Development\NexoraGameWorldTests.exe
  NexoraZigGameplayTests.vcxproj -> G:\proj\Nexora\build\windows-showcase-development\bin\Development\NexoraZigGameplayTests.exe
  CookedSceneAssetTests.cpp
  BoundedSceneSaveTests.cpp
  ProjectContent.cpp
  AIIntentAdapterTests.cpp
  NexoraBoundedSceneSaveTests.vcxproj -> G:\proj\Nexora\build\windows-showcase-development\bin\Development\NexoraBoundedSceneSaveTests.exe
  NexoraCookedSceneAssetTests.vcxproj -> G:\proj\Nexora\build\windows-showcase-development\bin\Development\NexoraCookedSceneAssetTests.exe
  NexoraAIIntentAdapterTests.vcxproj -> G:\proj\Nexora\build\windows-showcase-development\bin\Development\NexoraAIIntentAdapterTests.exe
  ProjectWorkspace.cpp
  ProjectInputBindings.cpp
  main.cpp
  PlayApply.cpp
  正在產生程式碼...
  EditorWorkspace.cpp
  NexoraShowcaseRoomTests.vcxproj -> G:\proj\Nexora\build\windows-showcase-development\bin\Development\NexoraShowcaseRoomTests.exe
  NexoraShowcase.vcxproj -> G:\proj\Nexora\build\windows-showcase-development\bin\Development\NexoraShowcase.exe
  MaterialAssetCatalog.cpp
  MeshAssetCatalog.cpp
  SceneAuthoring.cpp
  SceneFiles.cpp
  StaticProjectExport.cpp
  ViewportMath.cpp
  正在產生程式碼...
     正在建立程式庫 G:/proj/Nexora/build/windows-showcase-development/Engine/Editor/Development/NexoraEditorCore.lib 和物件 G:/proj/Nexora/build/windows-showcase-development/Engine/Editor/Development/NexoraEditorCore.exp
  NexoraEditorCore.vcxproj -> G:\proj\Nexora\build\windows-showcase-development\bin\Development\NexoraEditorCore.dll
  Building Custom Rule G:/proj/Nexora/Tests/Editor/CMakeLists.txt
  TransformValueTests.cpp
  EditorTests.cpp
  AdditiveSceneTests.cpp
  SceneRuntimeCaptureTests.cpp
  StaticProjectExportTests.cpp
  NexoraProcessMemoryProfileTests.vcxproj -> G:\proj\Nexora\build\windows-showcase-development\bin\Development\NexoraProcessMemoryProfileTests.exe
  MeshImportTests.cpp
  MeshAssetCatalogTests.cpp
  NexoraTransformValueTests.vcxproj -> G:\proj\Nexora\build\windows-showcase-development\bin\Development\NexoraTransformValueTests.exe
  ComponentResetTests.cpp
  BuiltinCreationTests.cpp
  NexoraGpuProfileTests.vcxproj -> G:\proj\Nexora\build\windows-showcase-development\bin\Development\NexoraGpuProfileTests.exe
  NexoraMeshImportTests.vcxproj -> G:\proj\Nexora\build\windows-showcase-development\bin\Development\NexoraMeshImportTests.exe
  NexoraEditorTests.vcxproj -> G:\proj\Nexora\build\windows-showcase-development\bin\Development\NexoraEditorTests.exe
  AffineGizmoTests.cpp
  NexoraAdditiveSceneTests.vcxproj -> G:\proj\Nexora\build\windows-showcase-development\bin\Development\NexoraAdditiveSceneTests.exe
  ProcessMemoryCaptureTests.cpp
  PlayInputSettingsTests.cpp
  NexoraEditorComponentResetTests.vcxproj -> G:\proj\Nexora\build\windows-showcase-development\bin\Development\NexoraEditorComponentResetTests.exe
  NexoraMeshAssetCatalogTests.vcxproj -> G:\proj\Nexora\build\windows-showcase-development\bin\Development\NexoraMeshAssetCatalogTests.exe
  InspectorBatchTests.cpp
  NexoraBuiltinCreationTests.vcxproj -> G:\proj\Nexora\build\windows-showcase-development\bin\Development\NexoraBuiltinCreationTests.exe
  GpuTimingCaptureTests.cpp
  ViewportMathTests.cpp
  NexoraSceneRuntimeCaptureTests.vcxproj -> G:\proj\Nexora\build\windows-showcase-development\bin\Development\NexoraSceneRuntimeCaptureTests.exe
  NexoraProcessMemoryCaptureTests.vcxproj -> G:\proj\Nexora\build\windows-showcase-development\bin\Development\NexoraProcessMemoryCaptureTests.exe
  NexoraEditorAffineGizmoTests.vcxproj -> G:\proj\Nexora\build\windows-showcase-development\bin\Development\NexoraEditorAffineGizmoTests.exe
  NexoraPlayInputSettingsTests.vcxproj -> G:\proj\Nexora\build\windows-showcase-development\bin\Development\NexoraPlayInputSettingsTests.exe
  main.cpp
  NexoraEditorShaderTests.vcxproj -> G:\proj\Nexora\build\windows-showcase-development\bin\Development\NexoraEditorShaderTests.exe
  AutosaveJournalTests.cpp
  ExternalSceneSaveTests.cpp
  NexoraInspectorBatchTests.vcxproj -> G:\proj\Nexora\build\windows-showcase-development\bin\Development\NexoraInspectorBatchTests.exe
  MaterialCatalogTests.cpp
  MaterialImportTests.cpp
  NexoraEditorViewportMathTests.vcxproj -> G:\proj\Nexora\build\windows-showcase-development\bin\Development\NexoraEditorViewportMathTests.exe
  NexoraGpuTimingCaptureTests.vcxproj -> G:\proj\Nexora\build\windows-showcase-development\bin\Development\NexoraGpuTimingCaptureTests.exe
  AssetSourceTests.cpp
  MeshReimportTests.cpp
  NexoraAutosaveJournalTests.vcxproj -> G:\proj\Nexora\build\windows-showcase-development\bin\Development\NexoraAutosaveJournalTests.exe
  NexoraEditor.vcxproj -> G:\proj\Nexora\build\windows-showcase-development\bin\Development\NexoraEditor.exe
  NexoraExternalSceneSaveTests.vcxproj -> G:\proj\Nexora\build\windows-showcase-development\bin\Development\NexoraExternalSceneSaveTests.exe
  ParserRobustnessTests.cpp
  PreparedSceneSaveTests.cpp
  NexoraMaterialImportTests.vcxproj -> G:\proj\Nexora\build\windows-showcase-development\bin\Development\NexoraMaterialImportTests.exe
  NexoraMaterialCatalogTests.vcxproj -> G:\proj\Nexora\build\windows-showcase-development\bin\Development\NexoraMaterialCatalogTests.exe
  SceneFileTests.cpp
  NexoraAssetSourceTests.vcxproj -> G:\proj\Nexora\build\windows-showcase-development\bin\Development\NexoraAssetSourceTests.exe
  WorkspaceBudgetTests.cpp
  NexoraMeshReimportTests.vcxproj -> G:\proj\Nexora\build\windows-showcase-development\bin\Development\NexoraMeshReimportTests.exe
  NexoraStaticProjectExportTests.vcxproj -> G:\proj\Nexora\build\windows-showcase-development\bin\Development\NexoraStaticProjectExportTests.exe
  NexoraParserRobustnessTests.vcxproj -> G:\proj\Nexora\build\windows-showcase-development\bin\Development\NexoraParserRobustnessTests.exe
  NexoraPreparedSceneSaveTests.vcxproj -> G:\proj\Nexora\build\windows-showcase-development\bin\Development\NexoraPreparedSceneSaveTests.exe
  NexoraSceneFileTests.vcxproj -> G:\proj\Nexora\build\windows-showcase-development\bin\Development\NexoraSceneFileTests.exe
  NexoraWorkspaceBudgetTests.vcxproj -> G:\proj\Nexora\build\windows-showcase-development\bin\Development\NexoraWorkspaceBudgetTests.exe
