[1/88] Building CXX object Engine/Foundation/CMakeFiles/NexoraFoundation.dir/src/BuildInfo.cpp.o
[2/88] Linking CXX shared library Engine/Foundation/libNexoraFoundation.so
[3/88] Linking CXX shared library Engine/Core/libNexoraCore.so
[4/88] Linking CXX shared library Engine/RHI/libNexoraRHI.so
[5/88] Linking CXX shared library Engine/Renderer/libNexoraRenderer.so
[6/88] Linking CXX shared library Engine/AI/libNexoraAI.so
[7/88] Building CXX object Engine/Animation/CMakeFiles/NexoraAnimation.dir/src/Pose.cpp.o
[8/88] Linking CXX shared library Engine/Window/libNexoraWindow.so
[9/88] Linking CXX shared library Engine/Runtime/libNexoraRuntime.so
[10/88] Linking CXX shared module Plugins/Example/libNexoraExamplePlugin.so
[11/88] Linking CXX shared library Engine/Animation/libNexoraAnimation.so
[12/88] Linking CXX shared library Engine/PoseSearch/libNexoraPoseSearch.so
[13/88] Linking CXX shared library Engine/Network/libNexoraNetwork.so
[14/88] Linking CXX shared library Engine/Presentation/libNexoraPresentation.so
[15/88] Linking CXX shared library Engine/AIIntegration/libNexoraAIIntegration.so
[16/88] Linking CXX shared library Engine/Editor/libNexoraEditorCore.so
[17/88] Building CXX object Tests/Animation/CMakeFiles/NexoraAnimationTests.dir/PoseTests.cpp.o
[18/88] Building CXX object Tests/WindowPresentation/CMakeFiles/NexoraVulkanSceneUploadTests.dir/VulkanSceneUploadTests.cpp.o
[19/88] Linking CXX executable Samples/Api/NexoraApiFoundationSample
[20/88] Linking CXX executable Apps/Editor/NexoraEditor
[21/88] Linking CXX executable Apps/Host/NexoraHost
[22/88] Linking CXX executable Apps/DedicatedServer/NexoraDedicatedServer
[23/88] Linking CXX executable Gameplay/Zig/NexoraZigGameplayTests
[24/88] Linking CXX executable Apps/Showcase/NexoraShowcase
[25/88] Linking CXX executable Apps/Showcase/NexoraShowcaseRoomTests
[26/88] Linking CXX executable Tests/Foundation/NexoraFoundationTests
[27/88] Linking CXX executable Tests/Foundation/NexoraGameplayAbiTests
[28/88] Linking CXX executable Tests/Core/NexoraCoreTests
[29/88] Linking CXX executable Tests/Core/NexoraV2M11Tests
[30/88] Linking CXX executable Tests/AI/NexoraV2M7Tests
[31/88] Linking CXX executable Tests/PoseSearch/NexoraPoseSearchTests
[32/88] Linking CXX executable Tests/Animation/NexoraAnimationTests
[33/88] Linking CXX executable Tests/Network/NexoraNetworkTests
[34/88] Linking CXX executable Tests/WindowPresentation/NexoraWindowPresentationTests
[35/88] Linking CXX executable Tests/WindowPresentation/NexoraSceneInstanceTests
[36/88] Linking CXX executable Tests/WindowPresentation/NexoraVulkanSceneTests
[37/88] Linking CXX executable Tests/WindowPresentation/NexoraVulkanPbrTests
[38/88] Linking CXX executable Tests/WindowPresentation/NexoraVulkanSceneUploadTests
[39/88] Linking CXX executable Tests/API/NexoraApiFoundationTests
[40/88] Linking CXX executable Tests/API/NexoraApiCoreContractTests
[41/88] Linking CXX executable Tests/Renderer/NexoraRendererTests
[42/88] Linking CXX executable Tests/Renderer/NexoraSceneFrameTests
[43/88] Linking CXX executable Tests/Renderer/NexoraMaterialTests
[44/88] Linking CXX executable Tests/Renderer/NexoraGoldenImageTests
[45/88] Linking CXX executable Tests/Renderer/NexoraGPUSceneTests
[46/88] Linking CXX executable Tests/Renderer/NexoraGPUDrivenTests
[47/88] Linking CXX executable Tests/Renderer/NexoraShaderReflectionContractTests
[48/88] Linking CXX executable Tests/Renderer/NexoraVulkanGoldenTests
[49/88] Linking CXX executable Tests/Runtime/NexoraShaderRuntimeTests
[50/88] Linking CXX executable Tests/Runtime/NexoraRuntimeTests
[51/88] Linking CXX executable Tests/Runtime/NexoraGameWorldTests
[52/88] Linking CXX executable Tests/Runtime/NexoraTransformTests
[53/88] Linking CXX executable Tests/Runtime/NexoraParentingTests
[54/88] Linking CXX executable Tests/Runtime/NexoraRenderSyncTests
[55/88] Linking CXX executable Tests/Runtime/NexoraGameplayHostBridgeTests
[56/88] Linking CXX executable Tests/Runtime/NexoraV1M12Tests
[57/88] Linking CXX executable Tests/Runtime/NexoraV2M12Tests
[58/88] Linking CXX executable Tests/Runtime/NexoraV1M7Tests
[59/88] Linking CXX executable Tests/Runtime/NexoraV1M8Tests
[60/88] Linking CXX executable Tests/Runtime/NexoraAIIntentAdapterTests
[61/88] Linking CXX executable Tests/Runtime/NexoraV1M10Tests
[62/88] Linking CXX executable Tests/Runtime/NexoraV1M11Tests
[63/88] Linking CXX executable Tests/Runtime/NexoraV1M9Tests
[64/88] Linking CXX executable Tests/Runtime/NexoraV2M9Tests
[65/88] Linking CXX executable Tests/Runtime/NexoraV1M4Tests
[66/88] Linking CXX executable Tests/Runtime/NexoraGameplayModuleHostTests
[67/88] Linking CXX shared module Tests/Runtime/libNexoraDynamicGameplayFirst.so
[68/88] Linking CXX shared module Tests/Runtime/libNexoraDynamicGameplaySecond.so
[69/88] Linking CXX shared module Tests/Runtime/libNexoraDynamicGameplayFailing.so
[70/88] Linking CXX executable Tests/Runtime/NexoraDynamicGameplayModuleTests
[71/88] Linking CXX executable Tests/Runtime/NexoraV1M5Tests
[72/88] Linking CXX executable Tests/Runtime/NexoraBundleMountTests
[73/88] Linking CXX executable Tests/Runtime/NexoraV1M6Tests
[74/88] Linking CXX executable Tests/Editor/NexoraEditorShaderTests
[75/88] Linking CXX executable Tests/Editor/NexoraEditorTests
[76/88] Linking CXX executable Tests/Editor/NexoraAutosaveJournalTests
[77/88] Linking CXX executable Tests/Editor/NexoraWorkspaceBudgetTests
[78/88] Linking CXX executable Tests/Editor/NexoraEditorViewportMathTests
[79/88] Linking CXX executable Tests/Editor/NexoraMeshImportTests
[80/88] Linking CXX executable Tests/Editor/NexoraAssetSourceTests
[81/88] Linking CXX executable Tests/Editor/NexoraMeshAssetCatalogTests
[82/88] Linking CXX executable Tests/Editor/NexoraMeshReimportTests
[83/88] Linking CXX executable Tests/Editor/NexoraParserRobustnessTests
[84/88] Linking CXX executable Tests/Editor/NexoraEditorAffineGizmoTests
[85/88] Linking CXX executable Tests/Editor/NexoraEditorComponentResetTests
[86/88] Linking CXX executable Tests/Editor/NexoraTransformValueTests
[87/88] Linking CXX executable Tests/Editor/NexoraBuiltinCreationTests
[88/88] Linking CXX executable Tests/Editor/NexoraSceneFileTests
