.NET Framework 的 MSBuild 版本 17.14.40+3e7442088

  Checking File Globs
  BuildInfo.cpp
  NexoraFoundation.vcxproj -> G:\proj\Nexora\build\windows-showcase-development\bin\Development\NexoraFoundation.dll
  NexoraExamplePlugin.vcxproj -> G:\proj\Nexora\build\windows-showcase-development\Plugins\Example\Development\NexoraExamplePlugin.dll
  NexoraDynamicGameplayFirst.vcxproj -> G:\proj\Nexora\build\windows-showcase-development\Tests\Runtime\Development\NexoraDynamicGameplayFirst.dll
  NexoraDynamicGameplayFailing.vcxproj -> G:\proj\Nexora\build\windows-showcase-development\Tests\Runtime\Development\NexoraDynamicGameplayFailing.dll
  NexoraDynamicGameplaySecond.vcxproj -> G:\proj\Nexora\build\windows-showcase-development\Tests\Runtime\Development\NexoraDynamicGameplaySecond.dll
  NexoraCore.vcxproj -> G:\proj\Nexora\build\windows-showcase-development\bin\Development\NexoraCore.dll
  NexoraAnimation.vcxproj -> G:\proj\Nexora\build\windows-showcase-development\bin\Development\NexoraAnimation.dll
  NexoraApiFoundationTests.vcxproj -> G:\proj\Nexora\build\windows-showcase-development\bin\Development\NexoraApiFoundationTests.exe
  NexoraApiM6CConsumer.vcxproj -> G:\proj\Nexora\build\windows-showcase-development\bin\Development\NexoraApiM6CConsumer.exe
  NexoraApiFoundationSample.vcxproj -> G:\proj\Nexora\build\windows-showcase-development\bin\Development\NexoraApiFoundationSample.exe
  NexoraRHI.vcxproj -> G:\proj\Nexora\build\windows-showcase-development\bin\Development\NexoraRHI.dll
  NexoraApiCoreContractTests.vcxproj -> G:\proj\Nexora\build\windows-showcase-development\bin\Development\NexoraApiCoreContractTests.exe
  NexoraAsyncLogStreamTests.vcxproj -> G:\proj\Nexora\build\windows-showcase-development\bin\Development\NexoraAsyncLogStreamTests.exe
  NexoraAI.vcxproj -> G:\proj\Nexora\build\windows-showcase-development\bin\Development\NexoraAI.dll
  NexoraCoreTests.vcxproj -> G:\proj\Nexora\build\windows-showcase-development\bin\Development\NexoraCoreTests.exe
  NexoraNetwork.vcxproj -> G:\proj\Nexora\build\windows-showcase-development\bin\Development\NexoraNetwork.dll
  NexoraWindow.vcxproj -> G:\proj\Nexora\build\windows-showcase-development\bin\Development\NexoraWindow.dll
  NexoraAnimationTests.vcxproj -> G:\proj\Nexora\build\windows-showcase-development\bin\Development\NexoraAnimationTests.exe
  NexoraFoundationTests.vcxproj -> G:\proj\Nexora\build\windows-showcase-development\bin\Development\NexoraFoundationTests.exe
  NexoraGameplayAbiTests.vcxproj -> G:\proj\Nexora\build\windows-showcase-development\bin\Development\NexoraGameplayAbiTests.exe
  NexoraRenderer.vcxproj -> G:\proj\Nexora\build\windows-showcase-development\bin\Development\NexoraRenderer.dll
  NexoraInertialBlendTests.vcxproj -> G:\proj\Nexora\build\windows-showcase-development\bin\Development\NexoraInertialBlendTests.exe
  NexoraDedicatedServer.vcxproj -> G:\proj\Nexora\build\windows-showcase-development\bin\Development\NexoraDedicatedServer.exe
  NexoraNetworkTests.vcxproj -> G:\proj\Nexora\build\windows-showcase-development\bin\Development\NexoraNetworkTests.exe
  NexoraMaterialTests.vcxproj -> G:\proj\Nexora\build\windows-showcase-development\bin\Development\NexoraMaterialTests.exe
  NexoraGPUDrivenTests.vcxproj -> G:\proj\Nexora\build\windows-showcase-development\bin\Development\NexoraGPUDrivenTests.exe
  NexoraGPUSceneTests.vcxproj -> G:\proj\Nexora\build\windows-showcase-development\bin\Development\NexoraGPUSceneTests.exe
  NexoraGoldenImageTests.vcxproj -> G:\proj\Nexora\build\windows-showcase-development\bin\Development\NexoraGoldenImageTests.exe
  Dx12Surface.cpp
  NexoraPoseGraphTests.vcxproj -> G:\proj\Nexora\build\windows-showcase-development\bin\Development\NexoraPoseGraphTests.exe
  NexoraPoseSearch.vcxproj -> G:\proj\Nexora\build\windows-showcase-development\bin\Development\NexoraPoseSearch.dll
  NexoraRuntime.vcxproj -> G:\proj\Nexora\build\windows-showcase-development\bin\Development\NexoraRuntime.dll
  NexoraProcessMemoryTests.vcxproj -> G:\proj\Nexora\build\windows-showcase-development\bin\Development\NexoraProcessMemoryTests.exe
  NexoraRendererTests.vcxproj -> G:\proj\Nexora\build\windows-showcase-development\bin\Development\NexoraRendererTests.exe
  NexoraGameplayHostBridgeTests.vcxproj -> G:\proj\Nexora\build\windows-showcase-development\bin\Development\NexoraGameplayHostBridgeTests.exe
  NexoraParentingTests.vcxproj -> G:\proj\Nexora\build\windows-showcase-development\bin\Development\NexoraParentingTests.exe
  NexoraEditorCore.vcxproj -> G:\proj\Nexora\build\windows-showcase-development\bin\Development\NexoraEditorCore.dll
  NexoraGameplayModuleHostTests.vcxproj -> G:\proj\Nexora\build\windows-showcase-development\bin\Development\NexoraGameplayModuleHostTests.exe
  NexoraProjectPackageTests.vcxproj -> G:\proj\Nexora\build\windows-showcase-development\bin\Development\NexoraProjectPackageTests.exe
  NexoraHost.vcxproj -> G:\proj\Nexora\build\windows-showcase-development\bin\Development\NexoraHost.exe
  NexoraBundleMountTests.vcxproj -> G:\proj\Nexora\build\windows-showcase-development\bin\Development\NexoraBundleMountTests.exe
  NexoraRenderSyncTests.vcxproj -> G:\proj\Nexora\build\windows-showcase-development\bin\Development\NexoraRenderSyncTests.exe
  NexoraRuntimeConsoleTests.vcxproj -> G:\proj\Nexora\build\windows-showcase-development\bin\Development\NexoraRuntimeConsoleTests.exe
  NexoraRuntimeTests.vcxproj -> G:\proj\Nexora\build\windows-showcase-development\bin\Development\NexoraRuntimeTests.exe
  NexoraMaterialImportTests.vcxproj -> G:\proj\Nexora\build\windows-showcase-development\bin\Development\NexoraMaterialImportTests.exe
  NexoraAdditiveSceneTests.vcxproj -> G:\proj\Nexora\build\windows-showcase-development\bin\Development\NexoraAdditiveSceneTests.exe
  NexoraPreparedSceneSaveTests.vcxproj -> G:\proj\Nexora\build\windows-showcase-development\bin\Development\NexoraPreparedSceneSaveTests.exe
  NexoraProcessMemoryProfileTests.vcxproj -> G:\proj\Nexora\build\windows-showcase-development\bin\Development\NexoraProcessMemoryProfileTests.exe
  NexoraEditorTests.vcxproj -> G:\proj\Nexora\build\windows-showcase-development\bin\Development\NexoraEditorTests.exe
  NexoraInspectorBatchTests.vcxproj -> G:\proj\Nexora\build\windows-showcase-development\bin\Development\NexoraInspectorBatchTests.exe
  NexoraPlayInputSettingsTests.vcxproj -> G:\proj\Nexora\build\windows-showcase-development\bin\Development\NexoraPlayInputSettingsTests.exe
  NexoraGameWorldTests.vcxproj -> G:\proj\Nexora\build\windows-showcase-development\bin\Development\NexoraGameWorldTests.exe
  NexoraGpuTimingCaptureTests.vcxproj -> G:\proj\Nexora\build\windows-showcase-development\bin\Development\NexoraGpuTimingCaptureTests.exe
  NexoraDynamicGameplayModuleTests.vcxproj -> G:\proj\Nexora\build\windows-showcase-development\bin\Development\NexoraDynamicGameplayModuleTests.exe
  NexoraEditorViewportMathTests.vcxproj -> G:\proj\Nexora\build\windows-showcase-development\bin\Development\NexoraEditorViewportMathTests.exe
  NexoraMeshImportTests.vcxproj -> G:\proj\Nexora\build\windows-showcase-development\bin\Development\NexoraMeshImportTests.exe
  NexoraEditorShaderTests.vcxproj -> G:\proj\Nexora\build\windows-showcase-development\bin\Development\NexoraEditorShaderTests.exe
  NexoraProcessMemoryCaptureTests.vcxproj -> G:\proj\Nexora\build\windows-showcase-development\bin\Development\NexoraProcessMemoryCaptureTests.exe
  NexoraCookedSceneAssetTests.vcxproj -> G:\proj\Nexora\build\windows-showcase-development\bin\Development\NexoraCookedSceneAssetTests.exe
  NexoraEditor.vcxproj -> G:\proj\Nexora\build\windows-showcase-development\bin\Development\NexoraEditor.exe
  NexoraSceneFrameTests.vcxproj -> G:\proj\Nexora\build\windows-showcase-development\bin\Development\NexoraSceneFrameTests.exe
  NexoraBoundedSceneSaveTests.vcxproj -> G:\proj\Nexora\build\windows-showcase-development\bin\Development\NexoraBoundedSceneSaveTests.exe
  NexoraSceneFileTests.vcxproj -> G:\proj\Nexora\build\windows-showcase-development\bin\Development\NexoraSceneFileTests.exe
  NexoraBuiltinCreationTests.vcxproj -> G:\proj\Nexora\build\windows-showcase-development\bin\Development\NexoraBuiltinCreationTests.exe
  NexoraParserRobustnessTests.vcxproj -> G:\proj\Nexora\build\windows-showcase-development\bin\Development\NexoraParserRobustnessTests.exe
  NexoraShaderRuntimeTests.vcxproj -> G:\proj\Nexora\build\windows-showcase-development\bin\Development\NexoraShaderRuntimeTests.exe
  NexoraSceneRuntimeCaptureTests.vcxproj -> G:\proj\Nexora\build\windows-showcase-development\bin\Development\NexoraSceneRuntimeCaptureTests.exe
  NexoraShowcasePerformanceTests.vcxproj -> G:\proj\Nexora\build\windows-showcase-development\bin\Development\NexoraShowcasePerformanceTests.exe
  NexoraAssetSourceTests.vcxproj -> G:\proj\Nexora\build\windows-showcase-development\bin\Development\NexoraAssetSourceTests.exe
  NexoraMeshReimportTests.vcxproj -> G:\proj\Nexora\build\windows-showcase-development\bin\Development\NexoraMeshReimportTests.exe
  NexoraShowcaseProbes.vcxproj -> G:\proj\Nexora\build\windows-showcase-development\Apps\Showcase\Development\NexoraShowcaseProbes.lib
  NexoraMeshAssetCatalogTests.vcxproj -> G:\proj\Nexora\build\windows-showcase-development\bin\Development\NexoraMeshAssetCatalogTests.exe
  NexoraAIIntegration.vcxproj -> G:\proj\Nexora\build\windows-showcase-development\bin\Development\NexoraAIIntegration.dll
  NexoraSyncGroupGraphTests.vcxproj -> G:\proj\Nexora\build\windows-showcase-development\bin\Development\NexoraSyncGroupGraphTests.exe
  NexoraShowcaseProbeTests.vcxproj -> G:\proj\Nexora\build\windows-showcase-development\bin\Development\NexoraShowcaseProbeTests.exe
  NexoraGpuProfileTests.vcxproj -> G:\proj\Nexora\build\windows-showcase-development\bin\Development\NexoraGpuProfileTests.exe
  NexoraSyncGroupTests.vcxproj -> G:\proj\Nexora\build\windows-showcase-development\bin\Development\NexoraSyncGroupTests.exe
  StaticProjectExportTests.cpp
  NexoraExternalSceneSaveTests.vcxproj -> G:\proj\Nexora\build\windows-showcase-development\bin\Development\NexoraExternalSceneSaveTests.exe
  NexoraV1M10Tests.vcxproj -> G:\proj\Nexora\build\windows-showcase-development\bin\Development\NexoraV1M10Tests.exe
  NexoraTransformValueTests.vcxproj -> G:\proj\Nexora\build\windows-showcase-development\bin\Development\NexoraTransformValueTests.exe
  NexoraTransformTests.vcxproj -> G:\proj\Nexora\build\windows-showcase-development\bin\Development\NexoraTransformTests.exe
  NexoraV1M11Tests.vcxproj -> G:\proj\Nexora\build\windows-showcase-development\bin\Development\NexoraV1M11Tests.exe
  NexoraEditorComponentResetTests.vcxproj -> G:\proj\Nexora\build\windows-showcase-development\bin\Development\NexoraEditorComponentResetTests.exe
  NexoraV1M12Tests.vcxproj -> G:\proj\Nexora\build\windows-showcase-development\bin\Development\NexoraV1M12Tests.exe
  NexoraV1M5Tests.vcxproj -> G:\proj\Nexora\build\windows-showcase-development\bin\Development\NexoraV1M5Tests.exe
  NexoraV1M4Tests.vcxproj -> G:\proj\Nexora\build\windows-showcase-development\bin\Development\NexoraV1M4Tests.exe
  NexoraV1M7Tests.vcxproj -> G:\proj\Nexora\build\windows-showcase-development\bin\Development\NexoraV1M7Tests.exe
  NexoraV1M9Tests.vcxproj -> G:\proj\Nexora\build\windows-showcase-development\bin\Development\NexoraV1M9Tests.exe
  NexoraV2M11Tests.vcxproj -> G:\proj\Nexora\build\windows-showcase-development\bin\Development\NexoraV2M11Tests.exe
  NexoraV1M8Tests.vcxproj -> G:\proj\Nexora\build\windows-showcase-development\bin\Development\NexoraV1M8Tests.exe
  NexoraEditorAffineGizmoTests.vcxproj -> G:\proj\Nexora\build\windows-showcase-development\bin\Development\NexoraEditorAffineGizmoTests.exe
  NexoraV2M12Tests.vcxproj -> G:\proj\Nexora\build\windows-showcase-development\bin\Development\NexoraV2M12Tests.exe
  NexoraV2M7Tests.vcxproj -> G:\proj\Nexora\build\windows-showcase-development\bin\Development\NexoraV2M7Tests.exe
  NexoraV2M9Tests.vcxproj -> G:\proj\Nexora\build\windows-showcase-development\bin\Development\NexoraV2M9Tests.exe
  NexoraAutosaveJournalTests.vcxproj -> G:\proj\Nexora\build\windows-showcase-development\bin\Development\NexoraAutosaveJournalTests.exe
  NexoraPoseSearchTests.vcxproj -> G:\proj\Nexora\build\windows-showcase-development\bin\Development\NexoraPoseSearchTests.exe
  NexoraWorkspaceBudgetTests.vcxproj -> G:\proj\Nexora\build\windows-showcase-development\bin\Development\NexoraWorkspaceBudgetTests.exe
  NexoraWorldIdentityTests.vcxproj -> G:\proj\Nexora\build\windows-showcase-development\bin\Development\NexoraWorldIdentityTests.exe
  NexoraV1M6Tests.vcxproj -> G:\proj\Nexora\build\windows-showcase-development\bin\Development\NexoraV1M6Tests.exe
  NexoraAIIntentAdapterTests.vcxproj -> G:\proj\Nexora\build\windows-showcase-development\bin\Development\NexoraAIIntentAdapterTests.exe
  NexoraZigGameplayTests.vcxproj -> G:\proj\Nexora\build\windows-showcase-development\bin\Development\NexoraZigGameplayTests.exe
  NexoraPresentation.vcxproj -> G:\proj\Nexora\build\windows-showcase-development\bin\Development\NexoraPresentation.dll
  NexoraDx12PbrTests.vcxproj -> G:\proj\Nexora\build\windows-showcase-development\bin\Development\NexoraDx12PbrTests.exe
  NexoraMaterialCatalogTests.vcxproj -> G:\proj\Nexora\build\windows-showcase-development\bin\Development\NexoraMaterialCatalogTests.exe
  NexoraSceneInstanceTests.vcxproj -> G:\proj\Nexora\build\windows-showcase-development\bin\Development\NexoraSceneInstanceTests.exe
  NexoraGpuTimingTests.vcxproj -> G:\proj\Nexora\build\windows-showcase-development\bin\Development\NexoraGpuTimingTests.exe
  NexoraShowcaseRoomTests.vcxproj -> G:\proj\Nexora\build\windows-showcase-development\bin\Development\NexoraShowcaseRoomTests.exe
  NexoraWindowsVulkanPbrTests.vcxproj -> G:\proj\Nexora\build\windows-showcase-development\bin\Development\NexoraWindowsVulkanPbrTests.exe
  NexoraWindowPresentationTests.vcxproj -> G:\proj\Nexora\build\windows-showcase-development\bin\Development\NexoraWindowPresentationTests.exe
  NexoraShowcase.vcxproj -> G:\proj\Nexora\build\windows-showcase-development\bin\Development\NexoraShowcase.exe
  NexoraStaticProjectExportTests.vcxproj -> G:\proj\Nexora\build\windows-showcase-development\bin\Development\NexoraStaticProjectExportTests.exe
