{
  "scope": "Linux Xvfb actual Vulkan application/video; software GPU is not target hardware",
  "command": [
    "/workspace/Nexora-vis-courtyard-fill/build/linux-showcase-shipping/package/NexoraShowcase-Shipping/bin/NexoraShowcase",
    "--tour=visual",
    "--backend=vulkan",
    "--clean-view",
    "--vsync=off",
    "--no-reload",
    "--gameplay-module=static",
    "--report=/tmp/weather-shipping-tour/tour.json",
    "--quality=standard"
  ],
  "build": {
    "engine_version": "0.1.0",
    "build_id": "b88e22c7b24a",
    "abi_version": 1,
    "configuration": "Shipping",
    "link_mode": "Monolithic"
  },
  "wall_seconds": 100.76009159800014,
  "video": {
    "programs": [],
    "stream_groups": [],
    "streams": [
      {
        "codec_name": "h264",
        "width": 1280,
        "height": 720
      }
    ],
    "format": {
      "duration": "100.266667"
    }
  },
  "software_rasterizer": true,
  "physical_display_verified": false,
  "executable_sha256": "655cfa575a49af33653330282de68a8441622e5c1c44df64ec25d9df7d540e5e",
  "video_sha256": "64e81f52cc7b1d0ea97488073a15607279e15021c9fd15bf7cf99ce6df5e5907",
  "tour_seconds": 100,
  "overlay_frames": 0
}
