{
  "scope": "Linux Xvfb actual Vulkan application/video; software GPU is not target hardware",
  "command": [
    "/workspace/Nexora-vis-world-normals/build/linux-showcase-shipping/package/NexoraShowcase-Shipping/bin/NexoraShowcase",
    "--tour=visual",
    "--backend=vulkan",
    "--clean-view",
    "--vsync=off",
    "--no-reload",
    "--gameplay-module=static",
    "--report=/tmp/world-normal-shipping-tour/tour.json",
    "--quality=standard"
  ],
  "build": {
    "engine_version": "0.1.0",
    "build_id": "0eec7525b7ec",
    "abi_version": 1,
    "configuration": "Shipping",
    "link_mode": "Monolithic"
  },
  "wall_seconds": 100.83373185900564,
  "video": {
    "programs": [],
    "stream_groups": [],
    "streams": [
      {
        "codec_name": "h264",
        "width": 1280,
        "height": 720
      }
    ],
    "format": {
      "duration": "100.266667"
    }
  },
  "software_rasterizer": true,
  "physical_display_verified": false,
  "executable_sha256": "f078dc6ec9d43a5426e1d3a4f429c7806170dc9ea1cb7761b64ac12067982e0b",
  "video_sha256": "7e4d6fb4ffc63252bc7673cec9d0d1a53640fc1dda4269f59f3336c3e29028ca",
  "tour_seconds": 100,
  "overlay_frames": 0
}
