[1/116] Building C object Tests/API/CMakeFiles/NexoraApiM6CConsumer.dir/ApiM6CConsumer.c.o
[2/116] Building CXX object Tests/Renderer/CMakeFiles/NexoraSceneFrameTests.dir/SceneFrameTests.cpp.o
[3/116] Building CXX object Tests/Renderer/CMakeFiles/NexoraRendererTests.dir/RendererTests.cpp.o
[4/116] Building CXX object Tests/Renderer/CMakeFiles/NexoraGPUSceneTests.dir/GPUSceneTests.cpp.o
[5/116] Building CXX object Tests/Renderer/CMakeFiles/NexoraGoldenImageTests.dir/GoldenImageTests.cpp.o
[6/116] Building CXX object Tests/Renderer/CMakeFiles/NexoraMaterialTests.dir/MaterialTests.cpp.o
[7/116] Building CXX object Tests/Renderer/CMakeFiles/NexoraShaderReflectionContractTests.dir/ShaderReflectionCrossCompileTests.cpp.o
[8/116] Building CXX object Tests/Renderer/CMakeFiles/NexoraGPUDrivenTests.dir/GPUDrivenPipelineTests.cpp.o
[9/116] Building CXX object Tests/WindowPresentation/CMakeFiles/NexoraVulkanPbrTests.dir/VulkanPbrTests.cpp.o
[10/116] Building CXX object Tests/Runtime/CMakeFiles/NexoraShaderRuntimeTests.dir/ShaderRuntimeTests.cpp.o
[11/116] Building CXX object Tests/API/CMakeFiles/NexoraApiCoreContractTests.dir/ApiCoreContractTests.cpp.o
[12/116] Building CXX object Tests/Renderer/CMakeFiles/NexoraVulkanGoldenTests.dir/VulkanGoldenTests.cpp.o
[13/116] Building CXX object Tests/Runtime/CMakeFiles/NexoraGameWorldTests.dir/GameWorldTests.cpp.o
[14/116] Building CXX object Tests/Runtime/CMakeFiles/NexoraGameplayHostBridgeTests.dir/GameplayHostBridgeTests.cpp.o
[15/116] Building CXX object Tests/Runtime/CMakeFiles/NexoraRenderSyncTests.dir/RenderSyncTests.cpp.o
[16/116] Building CXX object Tests/Runtime/CMakeFiles/NexoraRuntimeTests.dir/RuntimeTests.cpp.o
[17/116] Building CXX object Tests/Runtime/CMakeFiles/NexoraV1M12Tests.dir/V1M12Tests.cpp.o
[18/116] Building CXX object Tests/Runtime/CMakeFiles/NexoraParentingTests.dir/ParentingTests.cpp.o
[19/116] Building CXX object Tests/Runtime/CMakeFiles/NexoraV2M12Tests.dir/V2M12Tests.cpp.o
[20/116] Building CXX object Tests/Runtime/CMakeFiles/NexoraAIIntentAdapterTests.dir/AIIntentAdapterTests.cpp.o
[21/116] Building CXX object Tests/Runtime/CMakeFiles/NexoraV1M8Tests.dir/V1M8Tests.cpp.o
[22/116] Building CXX object Tests/Runtime/CMakeFiles/NexoraTransformTests.dir/TransformTests.cpp.o
[23/116] Building CXX object Tests/Runtime/CMakeFiles/NexoraV1M11Tests.dir/V1M11Tests.cpp.o
[24/116] Building CXX object Tests/Runtime/CMakeFiles/NexoraV1M10Tests.dir/V1M10Tests.cpp.o
[25/116] Building CXX object Tests/Runtime/CMakeFiles/NexoraDynamicGameplayFirst.dir/DynamicGameplayModule.cpp.o
[26/116] Building CXX object Tests/Runtime/CMakeFiles/NexoraDynamicGameplaySecond.dir/DynamicGameplayModule.cpp.o
[27/116] Building CXX object Tests/Runtime/CMakeFiles/NexoraV1M7Tests.dir/V1M7Tests.cpp.o
[28/116] Building CXX object Tests/Runtime/CMakeFiles/NexoraDynamicGameplayFailing.dir/DynamicGameplayModule.cpp.o
[29/116] Building CXX object Tests/Runtime/CMakeFiles/NexoraV1M9Tests.dir/V1M9Tests.cpp.o
[30/116] Building CXX object Tests/Runtime/CMakeFiles/NexoraV2M9Tests.dir/V2M9Tests.cpp.o
[31/116] Building CXX object Tests/Runtime/CMakeFiles/NexoraGameplayModuleHostTests.dir/GameplayModuleHostTests.cpp.o
[32/116] Building CXX object Tests/Runtime/CMakeFiles/NexoraV1M4Tests.dir/V1M4Tests.cpp.o
[33/116] Building CXX object Tests/Runtime/CMakeFiles/NexoraDynamicGameplayModuleTests.dir/DynamicGameplayModuleTests.cpp.o
[34/116] Building CXX object Tests/Runtime/CMakeFiles/NexoraBundleMountTests.dir/BundleMountTests.cpp.o
[35/116] Building CXX object Tests/Runtime/CMakeFiles/NexoraV1M6Tests.dir/V1M6Tests.cpp.o
[36/116] Building CXX object Tests/Runtime/CMakeFiles/NexoraV1M5Tests.dir/V1M5Tests.cpp.o
[37/116] Building CXX object Tests/Editor/CMakeFiles/NexoraEditorViewportMathTests.dir/ViewportMathTests.cpp.o
[38/116] Building CXX object Tests/Editor/CMakeFiles/NexoraMeshAssetCatalogTests.dir/MeshAssetCatalogTests.cpp.o
[39/116] Building CXX object Tests/Editor/CMakeFiles/NexoraMeshImportTests.dir/MeshImportTests.cpp.o
[40/116] Building CXX object Tests/Editor/CMakeFiles/NexoraEditorShaderTests.dir/ShaderAuthoringTests.cpp.o
[41/116] Building CXX object Tests/Editor/CMakeFiles/NexoraMeshReimportTests.dir/MeshReimportTests.cpp.o
[42/116] Building CXX object Tests/Editor/CMakeFiles/NexoraParserRobustnessTests.dir/ParserRobustnessTests.cpp.o
[43/116] Building CXX object Tests/Editor/CMakeFiles/NexoraEditorComponentResetTests.dir/ComponentResetTests.cpp.o
[44/116] Linking CXX executable Samples/Api/NexoraApiFoundationSample
[45/116] Linking CXX executable Apps/Editor/NexoraEditor
[46/116] Building CXX object Tests/Editor/CMakeFiles/NexoraBuiltinCreationTests.dir/BuiltinCreationTests.cpp.o
[47/116] Linking CXX executable Apps/DedicatedServer/NexoraDedicatedServer
[48/116] Linking CXX executable Apps/Host/NexoraHost
[49/116] Linking CXX executable Gameplay/Zig/NexoraZigGameplayTests
[50/116] Linking CXX executable Apps/Showcase/NexoraShowcasePerformanceTests
[51/116] Linking CXX executable Apps/Showcase/NexoraShowcaseProbeTests
[52/116] Building CXX object Tests/Editor/CMakeFiles/NexoraEditorAffineGizmoTests.dir/AffineGizmoTests.cpp.o
[53/116] Linking CXX executable Apps/Showcase/NexoraShowcaseRoomTests
[54/116] Linking CXX executable Apps/Showcase/NexoraShowcase
[55/116] Linking CXX executable Tests/Foundation/NexoraGameplayAbiTests
[56/116] Linking CXX executable Tests/Foundation/NexoraFoundationTests
[57/116] Linking CXX executable Tests/Core/NexoraCoreTests
[58/116] Linking CXX executable Tests/Core/NexoraV2M11Tests
[59/116] Linking CXX executable Tests/WindowPresentation/NexoraWindowPresentationTests
[60/116] Linking CXX executable Tests/Network/NexoraNetworkTests
[61/116] Linking CXX executable Tests/AI/NexoraV2M7Tests
[62/116] Linking CXX executable Tests/WindowPresentation/NexoraSceneInstanceTests
[63/116] Linking CXX executable Tests/WindowPresentation/NexoraVulkanSceneTests
[64/116] Linking CXX executable Tests/API/NexoraApiFoundationTests
[65/116] Linking CXX executable Tests/API/NexoraApiCoreContractTests
[66/116] Linking CXX executable Tests/WindowPresentation/NexoraVulkanPbrTests
[67/116] Linking C executable Tests/API/NexoraApiM6CConsumer
[68/116] Linking CXX executable Tests/WindowPresentation/NexoraVulkanSceneUploadTests
[69/116] Linking CXX executable Tests/Renderer/NexoraRendererTests
[70/116] Linking CXX executable Tests/Renderer/NexoraMaterialTests
[71/116] Linking CXX executable Tests/Renderer/NexoraGoldenImageTests
[72/116] Linking CXX executable Tests/Renderer/NexoraGPUSceneTests
[73/116] Building CXX object Tests/Editor/CMakeFiles/NexoraTransformValueTests.dir/TransformValueTests.cpp.o
[74/116] Linking CXX executable Tests/Renderer/NexoraSceneFrameTests
[75/116] Linking CXX executable Tests/Renderer/NexoraGPUDrivenTests
[76/116] Linking CXX executable Tests/Renderer/NexoraShaderReflectionContractTests
[77/116] Linking CXX executable Tests/Runtime/NexoraRuntimeTests
[78/116] Linking CXX executable Tests/Runtime/NexoraGameWorldTests
[79/116] Linking CXX executable Tests/Renderer/NexoraVulkanGoldenTests
[80/116] Linking CXX executable Tests/Runtime/NexoraShaderRuntimeTests
[81/116] Linking CXX executable Tests/Runtime/NexoraTransformTests
[82/116] Linking CXX executable Tests/Runtime/NexoraParentingTests
[83/116] Linking CXX executable Tests/Runtime/NexoraGameplayHostBridgeTests
[84/116] Linking CXX executable Tests/Runtime/NexoraV2M12Tests
[85/116] Linking CXX executable Tests/Runtime/NexoraV1M7Tests
[86/116] Linking CXX executable Tests/Runtime/NexoraV1M8Tests
[87/116] Linking CXX executable Tests/Runtime/NexoraRenderSyncTests
[88/116] Linking CXX executable Tests/Runtime/NexoraV1M12Tests
[89/116] Linking CXX executable Tests/Runtime/NexoraAIIntentAdapterTests
[90/116] Linking CXX executable Tests/Runtime/NexoraV1M10Tests
[91/116] Linking CXX executable Tests/Runtime/NexoraV1M11Tests
[92/116] Linking CXX executable Tests/Runtime/NexoraV1M4Tests
[93/116] Linking CXX shared module Tests/Runtime/libNexoraDynamicGameplayFirst.so
[94/116] Linking CXX shared module Tests/Runtime/libNexoraDynamicGameplaySecond.so
[95/116] Linking CXX executable Tests/Runtime/NexoraGameplayModuleHostTests
[96/116] Building CXX object Tests/Editor/CMakeFiles/NexoraEditorTests.dir/EditorTests.cpp.o
[97/116] Linking CXX shared module Tests/Runtime/libNexoraDynamicGameplayFailing.so
[98/116] Linking CXX executable Tests/Runtime/NexoraV2M9Tests
[99/116] Linking CXX executable Tests/Runtime/NexoraV1M9Tests
[100/116] Linking CXX executable Tests/Runtime/NexoraDynamicGameplayModuleTests
[101/116] Linking CXX executable Tests/Runtime/NexoraV1M5Tests
[102/116] Linking CXX executable Tests/Runtime/NexoraBundleMountTests
[103/116] Linking CXX executable Tests/Editor/NexoraEditorViewportMathTests
[104/116] Linking CXX executable Tests/Editor/NexoraMeshImportTests
[105/116] Linking CXX executable Tests/Editor/NexoraEditorTests
[106/116] Linking CXX executable Tests/Editor/NexoraEditorShaderTests
[107/116] Linking CXX executable Tests/Runtime/NexoraV1M6Tests
[108/116] Linking CXX executable Tests/Editor/NexoraEditorComponentResetTests
[109/116] Linking CXX executable Tests/Editor/NexoraMeshReimportTests
[110/116] Linking CXX executable Tests/Editor/NexoraEditorAffineGizmoTests
[111/116] Linking CXX executable Tests/Editor/NexoraMeshAssetCatalogTests
[112/116] Linking CXX executable Tests/Editor/NexoraTransformValueTests
[113/116] Linking CXX executable Tests/Editor/NexoraParserRobustnessTests
[114/116] Linking CXX executable Tests/Editor/NexoraBuiltinCreationTests
[115/116] Building CXX object Tests/Editor/CMakeFiles/NexoraSceneFileTests.dir/SceneFileTests.cpp.o
[116/116] Linking CXX executable Tests/Editor/NexoraSceneFileTests
