2026-10-06T02:19:09.8512913Z Traceback (most recent call last):
2026-10-06T02:19:09.8513979Z   File "/home/runner/work/Nexora/Nexora/Tests/Showcase/LinuxShowcaseInteraction.py", line 408, in <module>
2026-10-06T02:19:09.8514577Z     raise SystemExit(main())
2026-10-06T02:19:09.8514841Z                      ^^^^^^
2026-10-06T02:19:09.8515326Z   File "/home/runner/work/Nexora/Nexora/Tests/Showcase/LinuxShowcaseInteraction.py", line 384, in main
2026-10-06T02:19:09.8515871Z     assert native['resize_generations'] >= 1
2026-10-06T02:19:09.8516363Z            ^^^^^^^^^^^^^^^^^^^^^^^^^^^^^^^^^
2026-10-06T02:19:09.8516637Z AssertionError
2026-10-06T02:19:09.8516776Z 
2026-10-06T02:19:09.8516876Z {
2026-10-06T02:19:09.8517157Z   "status": "FAIL",
2026-10-06T02:19:09.8517392Z   "platform": "Linux",
2026-10-06T02:19:09.8517643Z   "isolated_copy": true,
2026-10-06T02:19:09.8517999Z   "physical_display_verified": false,
2026-10-06T02:19:09.8518276Z   "issues": [
2026-10-06T02:19:09.8518511Z     "Linux native interaction failed (1)"
2026-10-06T02:19:09.8518784Z   ]
2026-10-06T02:19:09.8518973Z }
2026-10-06T02:19:09.8662227Z ##[error]Process completed with exit code 1.
2026-10-06T02:19:09.8742090Z ##[group]Run actions/upload-artifact@v4
2026-10-06T02:19:09.8742414Z with:
2026-10-06T02:19:09.8742686Z   name: showcase-linux-showcase-shipping-evidence
2026-10-06T02:19:09.8743665Z   path: build/linux-showcase-shipping/package/NexoraShowcase-Shipping*
build/linux-showcase-shipping/artifacts/release-native/

2026-10-06T02:19:09.8744307Z   if-no-files-found: warn
2026-10-06T02:19:09.8744580Z   compression-level: 6
2026-10-06T02:19:09.8744814Z   overwrite: false
