{
  "scope": "Linux Xvfb actual Vulkan application/video; software GPU is not target hardware",
  "command": [
    "/workspace/Nexora-vis-courtyard-fill/build/linux-showcase-shipping/package/NexoraShowcase-Shipping/bin/NexoraShowcase",
    "--tour=visual",
    "--backend=vulkan",
    "--clean-view",
    "--vsync=off",
    "--no-reload",
    "--gameplay-module=static",
    "--report=/tmp/screen-space-occlusion-shipping-tour/tour.json",
    "--quality=standard"
  ],
  "build": {
    "engine_version": "0.1.0",
    "build_id": "60e6a54621fe",
    "abi_version": 1,
    "configuration": "Shipping",
    "link_mode": "Monolithic"
  },
  "wall_seconds": 101.08280013300828,
  "video": {
    "programs": [],
    "stream_groups": [],
    "streams": [
      {
        "codec_name": "h264",
        "width": 1280,
        "height": 720
      }
    ],
    "format": {
      "duration": "100.800000"
    }
  },
  "software_rasterizer": true,
  "physical_display_verified": false,
  "executable_sha256": "0534d96d8c98af9a086e0547c5f473354a6ad606053afea02c7637dd8c13a34e",
  "video_sha256": "69e872b8d8d172d87396c2a7df1a9fbb0fe85f0553d422db2bc211707d70e3fe",
  "tour_seconds": 100,
  "overlay_frames": 0
}
