{
  "scope": "Linux Xvfb actual Vulkan application/video; software GPU is not target hardware",
  "command": [
    "/workspace/Nexora-vis-courtyard-fill/build/linux-showcase-shipping/package/NexoraShowcase-Shipping/bin/NexoraShowcase",
    "--tour=visual",
    "--backend=vulkan",
    "--clean-view",
    "--vsync=off",
    "--no-reload",
    "--gameplay-module=static",
    "--report=/tmp/courtyard-sun-window-shipping-tour/tour.json",
    "--quality=standard"
  ],
  "build": {
    "engine_version": "0.1.0",
    "build_id": "c25b4c460948",
    "abi_version": 1,
    "configuration": "Shipping",
    "link_mode": "Monolithic"
  },
  "wall_seconds": 101.16322861399385,
  "video": {
    "programs": [],
    "stream_groups": [],
    "streams": [
      {
        "codec_name": "h264",
        "width": 1280,
        "height": 720
      }
    ],
    "format": {
      "duration": "100.866667"
    }
  },
  "software_rasterizer": true,
  "physical_display_verified": false,
  "executable_sha256": "2ce98e857ed39c6ce54ffaa797f8a0b2cd97ed8049b3cd31d4a097bef454d213",
  "video_sha256": "67aae33012eca635becd972db52ba90708ce9fd3a7869c2a9e3d258ccf98cbe5",
  "tour_seconds": 100,
  "overlay_frames": 0
}
