{
  "scope": "Linux Xvfb actual Vulkan application/video; software GPU is not target hardware",
  "command": [
    "/workspace/Nexora-vis-courtyard-fill/build/linux-showcase-shipping/package/NexoraShowcase-Shipping/bin/NexoraShowcase",
    "--tour=visual",
    "--backend=vulkan",
    "--clean-view",
    "--vsync=off",
    "--no-reload",
    "--gameplay-module=static",
    "--report=/tmp/paving-worn-edges-shipping-tour/tour.json",
    "--quality=standard"
  ],
  "build": {
    "engine_version": "0.1.0",
    "build_id": "dd6d1bb9cb27",
    "abi_version": 1,
    "configuration": "Shipping",
    "link_mode": "Monolithic"
  },
  "wall_seconds": 100.97735563403694,
  "video": {
    "programs": [],
    "stream_groups": [],
    "streams": [
      {
        "codec_name": "h264",
        "width": 1280,
        "height": 720
      }
    ],
    "format": {
      "duration": "100.800000"
    }
  },
  "software_rasterizer": true,
  "physical_display_verified": false,
  "executable_sha256": "5e37af69addadc371e3f091e7a4d0751938ef1aaa3d0ad1eb431a4819ebb044f",
  "video_sha256": "25ac1c2bf02363ee2caa3a0f36a99c8f3e08e441dbe375f0c9e0ffb8ec3cc1ed",
  "tour_seconds": 100,
  "overlay_frames": 0
}
